Input-seq: ../data/gi_155.fa
Putative RT: gi113474819	gi|113474819|ref|YP_720880.1|	99.653	288	1	0	2500	3363	1	288	0.0	590
Putative RT: gi119356297	gi|119356297|ref|YP_910941.1|	99.708	343	1	0	2500	3528	1	343	0.0	717
Putative RT: gi119509703	gi|119509703|ref|ZP_01628848.1|	100.000	350	0	0	2500	3549	1	350	0.0	721
Putative RT: gi119511289	gi|119511289|ref|ZP_01630404.1|	100.000	350	0	0	2500	3549	1	350	0.0	699
Putative RT: gi120599269	gi|120599269|ref|YP_963843.1|	100.000	424	0	0	2500	3771	1	424	0.0	778
Putative RT: gi126659397	gi|126659397|ref|ZP_01730532.1|	100.000	355	0	0	2500	3564	1	355	0.0	672
Putative RT: gi126660098	gi|126660098|ref|ZP_01731218.1|	100.000	350	0	0	2500	3549	1	350	0.0	723
Putative RT: gi134299090	gi|134299090|ref|YP_001112586.1|	100.000	342	0	0	2500	3525	1	342	0.0	666
Putative RT: gi139439157	gi|139439157|ref|ZP_01772609.1|	100.000	356	0	0	2500	3567	1	356	0.0	735
Putative RT: gi146277368	gi|146277368|ref|YP_001167527.1|	100.000	366	0	0	2500	3597	1	366	0.0	742
Putative RT: gi148359926	gi|148359926|ref|YP_001251133.1|	99.749	399	1	0	2500	3696	1	399	0.0	801
Putative RT: gi150007547	gi|150007547|ref|YP_001302290.1|	100.000	504	0	0	2500	4011	1	504	0.0	1040
Putative RT: gi150390313	gi|150390313|ref|YP_001320362.1|	100.000	360	0	0	2500	3579	1	360	0.0	680
Putative RT: gi153810696	gi|153810696|ref|ZP_01963364.1|	100.000	379	0	0	2500	3636	1	379	0.0	782
Putative RT: gi154488049	gi|291517473|emb|CBK71089.1|	99.757	411	1	0	2500	3732	1	411	0.0	694
Putative RT: gi154502436	gi|154502436|ref|ZP_02039496.1|	100.000	376	0	0	2500	3627	1	376	0.0	725
Putative RT: gi154504579	gi|167758195|ref|ZP_02430322.1|	58.609	302	120	2	2062	2955	3	303	6.06e-115	360
Putative RT: gi158333546	gi|158333546|ref|YP_001514718.1|	99.644	281	1	0	2500	3342	1	281	0.0	556
Putative RT: gi160885942	gi|160885942|ref|ZP_02066945.1|	100.000	473	0	0	2500	3918	1	473	0.0	904
Putative RT: gi160888221	gi|160888221|ref|ZP_02069224.1|	100.000	441	0	0	2557	3879	20	460	0.0	875
Putative RT: gi160932588	gi|160932588|ref|ZP_02079978.1|	100.000	386	0	0	2500	3657	1	386	0.0	809
Putative RT: gi160938970	gi|160938970|ref|ZP_02086321.1|	100.000	346	0	0	2500	3537	1	346	0.0	723
Putative RT: gi160944040	gi|160944040|ref|ZP_02091270.1|	99.561	228	1	0	2500	3183	1	228	1.21e-156	473
Putative RT: gi161789197	gi|161789197|ref|YP_001595703.1|	100.000	422	0	0	2500	3765	1	422	0.0	806
Putative RT: gi167754333	gi|167754333|ref|ZP_02426460.1|	100.000	398	0	0	2509	3702	4	401	0.0	798
Putative RT: gi167758195	gi|167758195|ref|ZP_02430322.1|	99.676	309	1	0	2500	3426	1	309	0.0	545
Putative RT: gi167759158	gi|167759158|ref|ZP_02431285.1|	100.000	432	0	0	2500	3795	1	432	0.0	871
Putative RT: gi167763773	gi|167763773|ref|ZP_02435900.1|	100.000	392	0	0	2500	3675	1	392	0.0	808
Putative RT: gi167841733	gi|167841733|ref|ZP_02468417.1|	100.000	336	0	0	2500	3507	1	336	0.0	699
Putative RT: gi171058937	gi|171058937|ref|YP_001791286.1|	100.000	332	0	0	2509	3504	4	335	0.0	632
Putative RT: gi17230989	gi|17230989|ref|NP_487537.1|	100.000	346	0	0	2509	3546	4	349	0.0	684
Putative RT: gi186684985	gi|186684985|ref|YP_001868181.1|	100.000	349	0	0	2500	3546	1	349	0.0	721
Putative RT: gi187929429	gi|187929429|ref|YP_001899916.1|	100.000	373	0	0	2542	3660	15	387	0.0	744
Putative RT: gi189425132	gi|189425132|ref|YP_001952309.1|	99.756	409	1	0	2500	3726	1	409	0.0	841
Putative RT: gi189460481	gi|189460481|ref|ZP_03009266.1|	100.000	341	0	0	2500	3522	1	341	0.0	616
Putative RT: gi189463015	gi|189463015|ref|ZP_03011800.1|	100.000	433	0	0	2500	3798	1	433	0.0	829
Putative RT: gi194335165	gi|194335165|ref|YP_002019731.1|	100.000	337	0	0	2500	3510	1	337	0.0	630
Putative RT: gi194337212	gi|194337212|ref|YP_002019006.1|	100.000	343	0	0	2500	3528	1	343	0.0	714
Putative RT: gi194337359	gi|194337359|ref|YP_002019153.1|	100.000	344	0	0	2500	3531	1	344	0.0	657
Putative RT: gi210634695	gi|210634695|ref|ZP_03298223.1|	99.774	442	1	0	2500	3825	1	442	0.0	866
Putative RT: gi218295563	gi|218295563|ref|ZP_03496376.1|	100.000	308	0	0	2500	3423	1	308	0.0	573
Putative RT: gi218961492	gi|218961492|ref|YP_001741267.1|	100.000	337	0	0	2518	3528	7	343	0.0	660
Putative RT: gi220934786	gi|220934786|ref|YP_002513685.1|	100.000	377	0	0	2500	3630	1	377	0.0	771
Putative RT: gi227485876	gi|227485876|ref|ZP_03916192.1|	100.000	372	0	0	2500	3615	1	372	0.0	760
Putative RT: gi229815313	gi|229815313|ref|ZP_04445648.1|	99.743	389	1	0	2500	3666	1	389	0.0	758
Putative RT: gi237720926	gi|237720926|ref|ZP_04551407.1|	99.631	271	1	0	2500	3312	1	271	1.06e-175	526
Putative RT: gi237721078	gi|253568001|ref|ZP_04845412.1|	100.000	473	0	0	2404	3822	1	473	0.0	904
Putative RT: gi238027140	gi|238027140|ref|YP_002911371.1|	100.000	445	0	0	2500	3834	1	445	0.0	801
Putative RT: gi238909111	gi|238909111|ref|YP_002939578.1|	100.000	424	0	0	2500	3771	1	424	0.0	848
Putative RT: gi239625916	gi|239625916|ref|ZP_04668947.1|	100.000	346	0	0	2500	3537	1	346	0.0	723
Putative RT: gi253574968	gi|253574968|ref|ZP_04852307.1|	99.711	346	1	0	2500	3537	1	346	0.0	715
Putative RT: gi254523226	gi|254523226|ref|ZP_05135281.1|	100.000	455	0	0	2500	3864	1	455	0.0	818
Putative RT: gi257093900	gi|257093900|ref|YP_003167541.1|	99.721	359	1	0	2500	3576	1	359	0.0	733
Putative RT: gi257094650	gi|257094650|ref|YP_003168291.1|	99.708	342	1	0	2500	3525	1	342	0.0	663
Putative RT: gi257439360	gi|257439360|ref|ZP_05615115.1|	99.771	437	1	0	2500	3810	1	437	0.0	917
Putative RT: gi257440840	gi|257440840|ref|ZP_05616595.1|	100.000	417	0	0	2500	3750	1	417	0.0	768
Putative RT: gi257792377	gi|257792377|ref|YP_003182983.1|	100.000	382	0	0	2500	3645	1	382	0.0	711
Putative RT: gi258517326	gi|258517326|ref|YP_003193548.1|	99.729	369	1	0	2500	3606	1	369	0.0	738
Putative RT: gi260587208	gi|260587208|ref|ZP_05853121.1|	99.771	437	1	0	2500	3810	1	437	0.0	917
Putative RT: gi260642123	gi|265750836|ref|ZP_06086899.1|	98.618	434	6	0	1867	3168	1	434	0.0	855
Putative RT: gi261880961	gi|261880961|ref|ZP_06007388.1|	100.000	433	0	0	2500	3798	1	433	0.0	858
Putative RT: gi265750836	gi|265750836|ref|ZP_06086899.1|	100.000	434	0	0	2500	3801	1	434	0.0	888
Putative RT: gi266622220	gi|266622220|ref|ZP_06115155.1|	100.000	398	0	0	2500	3693	1	398	0.0	790
Putative RT: gi27311204	gi|27311204|ref|NP_758929.1|	100.000	303	0	0	2500	3408	1	303	0.0	629
Putative RT: gi283796807	gi|283796807|ref|ZP_06345960.1|	100.000	398	0	0	2500	3693	1	398	0.0	759
Putative RT: gi291513637	gi|291513637|emb|CBK62847.1|	100.000	336	0	0	2500	3507	1	336	0.0	641
Putative RT: gi291517473	gi|291517473|emb|CBK71089.1|	100.000	411	0	0	2500	3732	1	411	0.0	701
Putative RT: gi291522399	gi|291522399|emb|CBK80692.1|	100.000	418	0	0	2500	3753	1	418	0.0	834
Putative RT: gi291524999	gi|291524999|emb|CBK90586.1|	100.000	346	0	0	2500	3537	1	346	0.0	724
Putative RT: gi291526343	gi|291526343|emb|CBK91930.1|	100.000	416	0	0	2500	3747	1	416	0.0	831
Putative RT: gi291546485	gi|291546485|emb|CBL19593.1|	100.000	369	0	0	2500	3606	1	369	0.0	730
Putative RT: gi291561321	gi|291561321|emb|CBL40120.1|	100.000	400	0	0	2500	3699	1	400	0.0	833
Putative RT: gi291561556	gi|332654472|ref|ZP_08420215.1|	70.574	401	108	1	2080	3252	15	415	0.0	561
Putative RT: gi291612675	gi|291612675|ref|YP_003522832.1|	100.000	467	0	0	2500	3900	1	467	0.0	937
Putative RT: gi291614412	gi|291614412|ref|YP_003524569.1|	100.000	311	0	0	2500	3432	1	311	0.0	647
Putative RT: gi291621968	gi|291621968|emb|CAX65001.1|	100.000	425	0	0	2500	3774	1	425	0.0	785
Putative RT: gi293369862	gi|293369862|ref|ZP_06616435.1|	100.000	473	0	0	2500	3918	1	473	0.0	875
Putative RT: gi293372957	gi|293372957|ref|ZP_06619326.1|	100.000	473	0	0	2500	3918	1	473	0.0	903
Putative RT: gi294674266	gi|294674266|ref|YP_003574882.1|	100.000	413	0	0	2500	3738	1	413	0.0	833
Putative RT: gi294778518	gi|294778518|ref|ZP_06743941.1|	100.000	434	0	0	2500	3801	1	434	0.0	896
Putative RT: gi298480077	gi|298480077|ref|ZP_06998276.1|	100.000	392	0	0	2500	3675	1	392	0.0	810
Putative RT: gi298480981	gi|298480981|ref|ZP_06999176.1|	100.000	473	0	0	2500	3918	1	473	0.0	905
Putative RT: gi299067086	gi|299067086|emb|CBJ38282.1|	99.726	365	1	0	2500	3594	1	365	0.0	761
Putative RT: gi299145828	gi|299145828|ref|ZP_07038896.1|	100.000	468	0	0	2515	3918	6	473	0.0	871
Putative RT: gi301163046	gi|301163046|emb|CBW22594.1|	100.000	349	0	0	2500	3546	1	349	0.0	689
Putative RT: gi308273696	gi|308273696|emb|CBX30298.1|	99.803	507	1	0	2500	4020	1	507	0.0	1040
Putative RT: gi312962032	gi|312962032|ref|ZP_07776529.1|	100.000	331	0	0	2500	3492	1	331	0.0	685
Putative RT: gi313113756	gi|313113756|ref|ZP_07799330.1|	99.756	409	1	0	2500	3726	1	409	0.0	815
Putative RT: gi313147618	gi|313147618|ref|ZP_07809811.1|	100.000	336	0	0	2500	3507	1	336	0.0	691
Putative RT: gi313147952	gi|313147952|ref|ZP_07810145.1|	99.773	441	1	0	2500	3822	1	441	0.0	884
Putative RT: gi317498222	gi|317498222|ref|ZP_07956521.1|	99.655	290	1	0	2500	3369	1	290	0.0	603
Putative RT: gi319764254	gi|319764254|ref|YP_004128191.1|	100.000	372	0	0	2518	3633	7	378	0.0	746
Putative RT: gi322688997	gi|322688997|ref|YP_004208731.1|	100.000	381	0	0	2500	3642	1	381	0.0	754
Putative RT: gi323485151	gi|323485151|ref|ZP_08090502.1|	100.000	398	0	0	2500	3693	1	398	0.0	790
Putative RT: gi323485235	gi|323485235|ref|ZP_08090585.1|	99.747	396	1	0	2500	3687	1	396	0.0	819
Putative RT: gi323486088	gi|323486088|ref|ZP_08091419.1|	100.000	368	0	0	2500	3603	1	368	0.0	769
Putative RT: gi323691302	gi|323691302|ref|ZP_08105577.1|	100.000	432	0	0	2500	3795	1	432	0.0	847
Putative RT: gi325279507	gi|325279507|ref|YP_004252049.1|	100.000	447	0	0	2500	3840	1	447	0.0	897
Putative RT: gi331088842	gi|331088842|ref|ZP_08337752.1|	100.000	425	0	0	2500	3774	1	425	0.0	879
Putative RT: gi331089069	gi|331089069|ref|ZP_08337973.1|	100.000	399	0	0	2500	3696	1	399	0.0	762
Putative RT: gi332533803	gi|332533803|ref|ZP_08409659.1|	100.000	421	0	0	2500	3762	1	421	0.0	778
Putative RT: gi332534155	gi|332534155|ref|ZP_08410003.1|	100.000	425	0	0	2500	3774	1	425	0.0	855
Putative RT: gi332666264	gi|332666264|ref|YP_004449052.1|	100.000	329	0	0	2500	3486	1	329	0.0	632
Putative RT: gi332707562	gi|332707562|ref|ZP_08427598.1|	100.000	350	0	0	2506	3555	3	352	0.0	646
Putative RT: gi336402102	gi|336402102|ref|ZP_08582844.1|	100.000	431	0	0	2500	3792	1	431	0.0	805
Putative RT: gi336410996	gi|336410996|ref|ZP_08591465.1|	100.000	447	0	0	2500	3840	1	447	0.0	897
Putative RT: gi336413450	gi|336413450|ref|ZP_08593802.1|	99.778	451	1	0	2500	3852	1	451	0.0	863
Putative RT: gi336433792	gi|336433792|ref|ZP_08613604.1|	100.000	345	0	0	2500	3534	1	345	0.0	659
Putative RT: gi336435571	gi|336435571|ref|ZP_08615286.1|	100.000	343	0	0	2500	3528	1	343	0.0	676
Putative RT: gi338999650	gi|338999650|ref|ZP_08638292.1|	99.718	354	1	0	2500	3561	1	354	0.0	702
Putative RT: gi340788559	gi|340788559|ref|YP_004754024.1|	100.000	463	0	0	2500	3888	1	463	0.0	931
Putative RT: gi341642641	gi|341642641|gb|EGS66984.1|	100.000	327	0	0	2518	3498	7	333	0.0	681
Putative RT: gi345871758	gi|345871758|ref|ZP_08823701.1|	100.000	334	0	0	2500	3501	1	334	0.0	615
Putative RT: gi345883525	gi|345883525|ref|ZP_08834966.1|	100.000	436	0	0	2500	3807	1	436	0.0	815
Putative RT: gi345893474	gi|345893474|ref|ZP_08844272.1|	100.000	345	0	0	2500	3534	1	345	0.0	650
Putative RT: gi348026361	gi|348026361|ref|YP_004766166.1|	100.000	324	0	0	2500	3471	1	324	0.0	635
Putative RT: gi350551816	gi|350551816|ref|ZP_08921027.1|	100.000	513	0	0	2533	4071	12	524	0.0	1037
Putative RT: gi355363092	gi|355363092|gb|EHG10842.1|	99.701	334	1	0	2500	3501	1	334	0.0	654
Putative RT: gi355386195	gi|355386195|gb|EHG33235.1|	100.000	345	0	0	2500	3534	1	345	0.0	684
Putative RT: gi355625064	gi|355625064|ref|ZP_09048006.1|	100.000	400	0	0	2500	3699	1	400	0.0	818
Putative RT: gi355629964	gi|260587208|ref|ZP_05853121.1|	98.856	437	5	0	2332	3642	1	437	0.0	910
Putative RT: gi41179367	gi|41179367|ref|NP_958675.1|	100.000	327	0	0	2500	3480	1	327	0.0	648
Putative RT: gi42527768	gi|42527768|ref|NP_972866.1|	100.000	328	0	0	2500	3483	1	328	0.0	649
Putative RT: gi71065017	gi|71065017|ref|YP_263744.1|	99.724	362	1	0	2500	3585	1	362	0.0	725
Putative RT: gi83309559	gi|83309559|ref|YP_419823.1|	100.000	429	0	0	2500	3786	1	429	0.0	806
Putative RT: gi83310593	gi|83310593|ref|YP_420857.1|	100.000	460	0	0	2500	3879	1	460	0.0	874


Template:  gi113474819 strand: + 3388-3538
Variable:  gi113474819 strand: + 1357-1507 alnlen 150 mutations 15 involve-A 12 involve-T 0

3388       GCTCCGTGGCGGTAGCTGGAACCACAATTCTAGACATTGCCGGAGTGCCAGGGGCAACTATAAAAATGCCGACAACCTCAACAACAATAGGGGTTTTCGAGTCATCTCGTCTTCCCCGGTGGTTTCTGGCTTTCATTCCTAGTATTCTTC
           ::::::::::::: :::::: :::::::::::::  ::::::::::::: :: ::::::::    :::::::: :::::  :::: :::::::::::::::::::::: :::::::::::::::::::::::::::::::::::::::::
1357       GCTCCGTGGCGGTTGCTGGATCCACAATTCTAGATTTTGCCGGAGTGCCTGGCGCAACTATCTCTATGCCGACTACCTCTCCAACGATAGGGGTTTTCGAGTCATCTCCTCTTCCCCGGTGGTTTCTGGCTTTCATTCCTAGTATTCTTC

Template:  gi119356297 strand: + 2178-2303
Variable:  gi119356297 strand: + 1632-1757 alnlen 125 mutations 15 involve-A 15 involve-T 0

2178       CCTTTTCGTTGCGCGGGGGTTCGTGGAACAACAAATCTGCCAATCTGTCTTGCTCTGCCCGGAACAACAACAATCCGGACAACAGGAACAACAATATCGGTTTTCGTGTTGTTCGTCCCAATCAT
           ::::::::::::::::::::::::::  ::::::::::::::::::::::::::::::::::  :  :  ::::::::::  :::::::  :  :::::::::::::::::::::::::: ::::
1632       CCTTTTCGTTGCGCGGGGGTTCGTGGGGCAACAAATCTGCCAATCTGTCTTGCTCTGCCCGGGTCGTCGTCAATCCGGACCTCAGGAACGGCGTTATCGGTTTTCGTGTTGTTCGTCCCAGTCAT

Template:  gi119509703 strand: + 3572-3656
Variable:  gi119509703 strand: + 1878-1962 alnlen 84 mutations 14 involve-A 12 involve-T 0

3572       GAACCCGACTGCGGGGCGGTTCCTGGATCAACAATCCTAAAAACTGCCGTTCTGCGTCTCGCAACAATAATCATAGGGCGGAGC
           :: ::  ::::::::::::::::::: :: ::  :::::   :::::::::::::::::::: :: :: ::: :::::::::::
1878       GAGCCGTACTGCGGGGCGGTTCCTGGGTCGACCTTCCTAGGGACTGCCGTTCTGCGTCTCGCGACGATTATCCTAGGGCGGAGC

Template:  gi119511289 strand: + 3577-3702
Variable:  gi119511289 strand: + 1857-1982 alnlen 125 mutations 12 involve-A 12 involve-T 0

3577       CGGCTGCTGCGCGGTGGTTCCTGGAACAACAATCCGAGGAATTGCCGTTCTGCGTATCGTAACAACAACGACCCGGACAATAGGAACAACAACATCGGTTTTCGGGTTGTAGTTTCCGCCGCGAG
           :::::::::::::::::::::::::::  ::::::: :: ::::::::::::::::::::  ::::  :::::::::: :::::: ::::  :::::::::::::::::::::::::::::::::
1857       CGGCTGCTGCGCGGTGGTTCCTGGAACTTCAATCCGGGGTATTGCCGTTCTGCGTATCGTCTCAACCTCGACCCGGACCATAGGAGCAACGGCATCGGTTTTCGGGTTGTAGTTTCCGCCGCGAG

Template:  gi120599269 strand: + 2514-2623
Variable:  gi120599269 strand: + 1970-2079 alnlen 109 mutations 10 involve-A 10 involve-T 0

2514       ACCGATCCGTGGCGGCAACTGGAACAACGGCGTCAACGCCGGCCTTGGCGCGCTCAACCTCAATAACTCGCGTTCGAACTCGAACAACAACATCGGTTTCCGTCCAGCT
           :::::::::::::::: :::::: :: :::::::: :::::::::::::::::::::::::::: :::::::::::: ::::: :: : :: :::::::::::::::::
1970       ACCGATCCGTGGCGGCGACTGGAGCAGCGGCGTCAGCGCCGGCCTTGGCGCGCTCAACCTCAATTACTCGCGTTCGAGCTCGAGCATCTACGTCGGTTTCCGTCCAGCT

Template:  gi126659397 strand: + 3640-3761
Variable:  gi126659397 strand: + 1792-1913 alnlen 121 mutations 20 involve-A 18 involve-T 0

3640       ACGAGGCGGTTCCTGGATCAACAATCCTAATCAATGCCGTTCCGCCTACCGCAACAACAATAATCCGCGCAACGACAACAACAATTATGGGTTGCGTGTAGTGTGTTGTCCCCCCAGCACT
           :::::::::::::::::::  :: :::: :::  ::::::::::::: ::::::: :: ::  ::::::: ::: :: : ::  :: ::::::::::::::::::::::::::: :: :::
1792       ACGAGGCGGTTCCTGGATCGGCATTCCTTATCTTTGCCGTTCCGCCTTCCGCAACTACGATGCTCCGCGCGACGGCAGCTACGGTTTTGGGTTGCGTGTAGTGTGTTGTCCCCCAAGGACT

Template:  gi126659397 strand: + 3637-3761
Variable:  gi126659397 strand: + 4652-4776 alnlen 124 mutations 20 involve-A 19 involve-T 0

3637       AAAACGAGGCGGTTCCTGGATCAACAATCCTAATCAATGCCGTTCCGCCTACCGCAACAACAATAATCCGCGCAACGACAACAACAATTATGGGTTGCGTGTAGTGTGTTGTCCCCCCAGCACT
           :: :::::::::::::::: ::  : ::::: ::: ::::::::::::::::::: ::  :  ::::::::::  ::::  : :: ::: :::::::::::::::::::::::::::::: :::
4652       AAGACGAGGCGGTTCCTGGTTCCCCGATCCTTATCGATGCCGTTCCGCCTACCGCGACGGCTTTAATCCGCGCTTCGACTTCTACGATTTTGGGTTGCGTGTAGTGTGTTGTCCCCCCAGGACT

Template:  gi126660098 strand: + 3579-3704
Variable:  gi126660098 strand: + 1825-1950 alnlen 125 mutations 14 involve-A 11 involve-T 1

3579       ACTCCGTGGCGGTAGCTGGATCAATAATCCACAAAATTGCCGTTCGGCCAATCGCAACAACAACAACCGCGACAACCACAACAACAATGTTGGTTTTCGGGTGATGTGTGATGCCGGGAGGTCTC
           ::::::::::::: :::::::: ::::::::::  ::::::::::::::  :::::::  :: :::::::::::::::: : ::: ::::::::::::::::::::::::::::::::: : :::
1825       ACTCCGTGGCGGTGGCTGGATCTATAATCCACATTATTGCCGTTCGGCCTTTCGCAACCTCAGCAACCGCGACAACCACGAGAACGATGTTGGTTTTCGGGTGATGTGTGATGCCGGGAAGACTC

Template:  gi126660098 strand: + 3581-3703
Variable:  gi126660098 strand: + 4677-4799 alnlen 122 mutations 21 involve-A 18 involve-T 1

3581       TCCGTGGCGGTAGCTGGATCAATAATCCACAAAATTGCCGTTCGGCCAATCGCAACAACAACAACCGCGACAACCACAACAACAATGTTGGTTTTCGGGTGATGTGTGATGCCGGGAGGTCT
           ::::::::::::::::: ::  : :::: :   ::::::::::::::  :::: :::::::: ::::::::  :: :  : ::::: ::::::::::::::::::::::::::: :::: ::
4677       TCCGTGGCGGTAGCTGGTTCGGTTATCCGCGGTATTGCCGTTCGGCCTTTCGCTACAACAACGACCGCGACGTCCGCCTCTACAATTTTGGTTTTCGGGTGATGTGTGATGCCGAGAGGACT

Template:  gi134299090 strand: + 2205-2333
Variable:  gi134299090 strand: + 1619-1747 alnlen 128 mutations 15 involve-A 12 involve-T 0

2205       GCGTGCTGCTAAACGCGGCGGGAATTGGAACAATGGCTCGAATGCCCGTTCTGGTTTTGCTTTGAACCTGAACAATCTTCCGTCCAACACGAACAACAATATCGGGTTTCGCGCCGCTCCGCCTATGT
           ::::::::::: ::::::::::: ::::: : ::::::::: :::::::::::::::::::::::::::: ::: :::::::::: :::::  : :::::::::::::::::::::::  : :: :::
1619       GCGTGCTGCTAGACGCGGCGGGATTTGGAGCGATGGCTCGAGTGCCCGTTCTGGTTTTGCTTTGAACCTGGACACTCTTCCGTCCTACACGGGCTACAATATCGGGTTTCGCGCCGCTTTGTCTTTGT

Template:  gi139439157 strand: + 2006-2135
Variable:  gi139439157 strand: + 1268-1397 alnlen 129 mutations 11 involve-A 11 involve-T 0

2006       ATCGGTACAACTGGTGGCTGCGTTCCGTCATGGGTGGCTCGTCGTCCAACGTGTGCTACGTCAACAACAACGGCAATGCCAACTACAACTCCGCGACGAACGTCTGGGTTCGCCCCCGCCCCGGATTCC
           :::::: : :::::::::::::::::::: :::::::::::::::::::::::::::::::: :::::  :::: ::::::::: : ::::::::::: ::::::::::::::::::::::::: ::::
1268       ATCGGTGCCACTGGTGGCTGCGTTCCGTCGTGGGTGGCTCGTCGTCCAACGTGTGCTACGTCTACAACCGCGGCTATGCCAACTGCGACTCCGCGACGTACGTCTGGGTTCGCCCCCGCCCCGGCTTCC

Template:  gi146277368 strand: + 2210-2331
Variable:  gi146277368 strand: + 1665-1786 alnlen 121 mutations 10 involve-A 9 involve-T 0

2210       GAGCGGATGCCGATCCGCGGAGGCAACTGGAACAACGGTGCCTCGGCGGGTGTGTGGGCGCTGAACGCGAACAACGCGCGGTCGAACGCGAACACGAACATCGGGTTTCGCCCCGCTTCCG
           ::::::::::::::::::::::::::::::  :::::::::::::::::::::::::::::::  ::::: : :::::::::::: ::::::::::: : :::::::::::::::::: ::
1665       GAGCGGATGCCGATCCGCGGAGGCAACTGGGCCAACGGTGCCTCGGCGGGTGTGTGGGCGCTGGGCGCGACCTACGCGCGGTCGATCGCGAACACGAGCCTCGGGTTTCGCCCCGCTTTCG

Template:  gi148359926 strand: + 2285-2433
Variable:  gi148359926 strand: + 1565-1713 alnlen 148 mutations 24 involve-A 23 involve-T 0

2285       GGCGGTTTTGCCAATGACAACTACTGGAGTTCTACCGAGTTTTCCGGCAATCCTACGAACAACGCCTGGAACCAGAACTTCAACAATGGCAACCAGTTTGATGACAATAAGAACAACAATCTACGGGTTAGGTGCGTTCGGGGTTTTA
           ::::::::::::: :: : :::::::: :::::::::::::::::::::::::::::  :  ::::::: :::::  ::::  : :::::  :: ::::: :: :::::::  :  :::::::::::::::::::::::::: :::::
1565       GGCGGTTTTGCCAGTGTCTACTACTGGGGTTCTACCGAGTTTTCCGGCAATCCTACGGTCTTCGCCTGGGACCAGTTCTTCGGCGATGGCTTCCGGTTTGGTGTCAATAAGGTCTTCAATCTACGGGTTAGGTGCGTTCGGGCTTTTA

Template:  gi150007547 strand: + 2217-2344
Variable:  gi150007547 strand: + 1844-1971 alnlen 127 mutations 11 involve-A 10 involve-T 0

2217       TTCCGGCCTTCGCTGTCCGTTCCGTCGTGGTCATGCGAACAACGGTGCTTTTGCCGGCTTAGCGTACCTCAATGGTAACAATGCGGTCTCGAACGCTAACGTGAACTGGTCGTCGCCCCTAGGATAT
           ::::::::::::::::::::::::::::::::::::: :: ::::::::::::::::::::::::::::: :::::: :: :::::::::: ::::: ::::: ::::::::::::::::  : :::
1844       TTCCGGCCTTCGCTGTCCGTTCCGTCGTGGTCATGCGCACTACGGTGCTTTTGCCGGCTTAGCGTACCTCTATGGTAGCATTGCGGTCTCGCACGCTTACGTGGACTGGTCGTCGCCCCTCTGCTAT

Template:  gi150390313 strand: + 2203-2325
Variable:  gi150390313 strand: + 1636-1758 alnlen 122 mutations 15 involve-A 11 involve-T 2

2203       GTTGCCGTATTTCGGTGGCAACTGGAACAACACGTCCAATGCTGGGGTGTTCGCTGTGAACTTGAACAACCCTCGGTCTAACGTGAGTACGAACATTGGGTTCCGCTCCGCTCATTTTCATC
           :::::::::::::::::::  :::: ::  ::::::::::::::::::::::::::::: ::::  ::::::::::::: :::::::::::  ::::::::::::::::::: :: :  :::
1636       GTTGCCGTATTTCGGTGGCCGCTGGGACCTCACGTCCAATGCTGGGGTGTTCGCTGTGAGCTTGGGCAACCCTCGGTCTCACGTGAGTACGCTCATTGGGTTCCGCTCCGCTTATGTAGATC

Template:  gi153810696 strand: + 2175-2291
Variable:  gi153810696 strand: + 1500-1616 alnlen 116 mutations 15 involve-A 15 involve-T 0

2175       AGCGTTTGCCGATCTGTGGTGGCAACTGGAACAACACCTCGAATGCTGGTGTGTTCAACGTGAACCTGAACAATCCACGTTCCAACTCGAACACGAACATCGGCTTCCGCTCCGCT
           :::::::::::::::::::::::  ::::  :: :::::::: :::::::::::::: :::: :::::  :::::: ::::::: :::: :: ::: :::::::::::::::::::
1500       AGCGTTTGCCGATCTGTGGTGGCCGCTGGCTCAGCACCTCGAGTGCTGGTGTGTTCAGCGTGTACCTGGGCAATCCGCGTTCCAGCTCGGACGCGAGCATCGGCTTCCGCTCCGCT

Template:  gi154488049 strand: + 2190-2298
Variable:  gi154488049 strand: + 1952-2060 alnlen 108 mutations 13 involve-A 13 involve-T 0

2190       GGTGCAGCGCTTCGGCAACCTCAGGGATGGGGCTGCCTGCGGCGCTTTCGCCGCGAACCTCAGGAACGACCTCGCGAATCGCAGGTGGAACATCGGGGGCCGCATATC
           ::::: ::::::::::  :::: ::: ::::::::::::::::::::::::::::  :::: :::::: :::::::: :::::::::: :::::::::::::: : ::
1952       GGTGCTGCGCTTCGGCGGCCTCGGGGGTGGGGCTGCCTGCGGCGCTTTCGCCGCGGGCCTCTGGAACGGCCTCGCGATTCGCAGGTGGGACATCGGGGGCCGCCTGTC

Template:  gi154502436 strand: + 2185-2301
Variable:  gi154502436 strand: + 1916-2032 alnlen 116 mutations 14 involve-A 13 involve-T 1

2185       GCTGGTCATTTCCGGGGGTAACGTGAACAACGGTGTCAACGATGGCCCCTTCTACCGGAACTGCAACAACGGCTCTGGGAATTCGAACTGGAACATCGGCGGCCGCCCACTTTGTC
           ::::::: :::::::::::: :::: ::::::::::::::: ::::::::::: :::: ::::: ::: ::::::::::  :::: ::::: :::::::::::::::: ::: :::
1916       GCTGGTCTTTTCCGGGGGTAGCGTGTACAACGGTGTCAACGTTGGCCCCTTCTGCCGGCACTGCTACAGCGGCTCTGGGTCTTCGTACTGGTACATCGGCGGCCGCCCTCTTGGTC

Template:  gi154504579 strand: + 1617-1754
Variable:  gi154504579 strand: + 1056-1193 alnlen 137 mutations 18 involve-A 13 involve-T 2

1617       TTACTTACAGCCTCTGGCGGCGCTGATAGCGGGCGGCAACTGGAACAATGGGGCGAATTGCGGCGCTCGTGCCGTGAATTGCAACAATTACCCGTGGAATGTCAATACGAACATTGGCGCTCGTGGGGCGTGTGACT
           ::::  : :  :::::::::::::::::::::::::: ::::: :: :::::::::::::::::::::::::::::  :::: ::  ::::::::::: ::::  : ::::: ::::::::::::::::::::::::
1056       TTACGCATATTCTCTGGCGGCGCTGATAGCGGGCGGCTACTGGTACGATGGGGCGAATTGCGGCGCTCGTGCCGTGGTTTGCGACGTTTACCCGTGGAGTGTCTCTGCGAACGTTGGCGCTCGTGGGGCGTGTGACT

Template:  gi158333546 strand: + 3366-3487
Variable:  gi158333546 strand: + 674-795 alnlen 121 mutations 17 involve-A 17 involve-T 0

3366       TGCTGCGGGGCGGTTCCTGGAACAACAATCCGAGGAACTGCCGCTCGGCCACGCGCAACAGGAACAAACCCGACAACCAGAACAACAACGTCGGTTTCCGTGTCGTGTGTGTTTCGGCGAG
           ::::::::::::::::::::  ::::  :::::::: ::::::::::::: :::::  ::::  ::  ::::::  ::::::: ::  :::::::::::::::::::::::::::::::::
674        TGCTGCGGGGCGGTTCCTGGGGCAACTCTCCGAGGAGCTGCCGCTCGGCCTCGCGCCTCAGGCTCAGGCCCGACTCCCAGAACGACTGCGTCGGTTTCCGTGTCGTGTGTGTTTCGGCGAG

Template:  gi160885942 strand: + 2578-2669
Variable:  gi160885942 strand: + 1821-1912 alnlen 91 mutations 11 involve-A 10 involve-T 0

2578       GCTTCCAGCAGTTGGAACGTGAACTTCAACAACGGCAACGTCAACACGAACAACCGCCAGAACGCGAACCGGGTTCGTCCCCTCGCCGCAA
           ::::::::::::::: ::::: :::::  ::::::: ::::: :::::::: ::::::::  ::::: :::::::::::: ::::::::::
1821       GCTTCCAGCAGTTGGTACGTGTACTTCTTCAACGGCTACGTCTACACGAACCACCGCCAGGGCGCGAGCCGGGTTCGTCCGCTCGCCGCAA

Template:  gi160888221 strand: + 2450-2581
Variable:  gi160888221 strand: + 1746-1877 alnlen 131 mutations 24 involve-A 23 involve-T 0

2450       ATTGGTCGAGTTCGGAGAACAACAACAATCCGGCGAACAACGCGTGGTACGTGAATTTCAACAACGGCAACGTGAACAACGACAATAAGAACAACGACAACAACAATAGGGTTCGTTCTTCTTTGGCTTTT
           :::::::::::::::::: : :: :: ::::::::  : ::::::::::::::  :::: ::  :::: ::::: :: :::::  ::::  : ::  :::::::  :::::::::::::::::::::::::
1746       ATTGGTCGAGTTCGGAGAGCGACTACTATCCGGCGGGCTACGCGTGGTACGTGGGTTTCGACGGCGGCTACGTGTACGACGACCGTAAGCGCGACCGCAACAACCGTAGGGTTCGTTCTTCTTTGGCTTTT

Template:  gi160932588 strand: + 2232-2341
Variable:  gi160932588 strand: + 2017-2126 alnlen 109 mutations 14 involve-A 13 involve-T 1

2232       GCGTATGTCGGCGGCAACTGGGACAGTGACCTTGTGGTCGGTCCTTTCTACGCTAATCTGAACAATACGGCGTCCAATTCGAACTCGAACAATGGCGCGGCTCTATCTT
           :::  ::::::::::  :::::::::::::::::::::::::::::::::::::: :::: :: ::::::::::: ::::: :::::  :  :::::::::::: ::::
2017       GCGATTGTCGGCGGCCGCTGGGACAGTGACCTTGTGGTCGGTCCTTTCTACGCTAGTCTGGACTATACGGCGTCCTATTCGTACTCGTCCGTTGGCGCGGCTCTCTCTT

Template:  gi160938970 strand: + 2212-2339
Variable:  gi160938970 strand: + 1558-1685 alnlen 127 mutations 13 involve-A 13 involve-T 0

2212       AGCCTTGCACGCCCTCATTGGCGGCGGCAATTGGAACAACGGCGTGCATTGCGGTAGCCGTGCCGTCAATTGCAACAATTACCCGTGGAACGTGAACACGAACATTGGTGTGCGGTGCGTGTGTGAC
           :::::::::::::::: ::::::::::: :::::  :: ::::::::::::::::::::::::::::  ::::: : ::::::::::: :::::: : ::: :::::::::::::::::::::::::
1558       AGCCTTGCACGCCCTCGTTGGCGGCGGCCATTGGGGCAGCGGCGTGCATTGCGGTAGCCGTGCCGTCGGTTGCAGCGATTACCCGTGGTACGTGACCGCGAGCATTGGTGTGCGGTGCGTGTGTGAC

Template:  gi160944040 strand: + 1855-1979
Variable:  gi160944040 strand: + 1231-1355 alnlen 124 mutations 17 involve-A 17 involve-T 0

1855       TGGGCCGGAACGTCCGCTTGCGCTCTGCGAATAGAGGCAACGCGAACAACGCGTTCAACGTGAACTCTGATGGCAACGTGAACAACTGGAACGCCATCAACGCGAATCGGTCTGCCCCGGATTG
           :::::::: :::::::::::::::::::: ::::::::: ::::  :: ::::::: ::::: ::::::::::: :::::: : ::::: ::::::::  ::::  :::::::::::::: :::
1231       TGGGCCGGCACGTCCGCTTGCGCTCTGCGTATAGAGGCACCGCGGCCACCGCGTTCTACGTGTACTCTGATGGCCACGTGATCTACTGGTACGCCATCTCCGCGTTTCGGTCTGCCCCGGCTTG

Template:  gi161789197 strand: + 2512-2629
Variable:  gi161789197 strand: + 1954-2071 alnlen 117 mutations 12 involve-A 11 involve-T 1

2512       AATCGTTTCCCGCTACGCGGTGGCAACTGGAACAACGGCTCCAACGCCGGCTTGGGGGCGCTCAATCTGAACAATCATCGCTCCAACTCGAACAGTAACATCGGTTTCCGTCCCGCT
           ::::::::::::: :::::::::: ::::::::::::::::::::::::::::::::::::::: ::::  :  :::::::::: :::::: : ::  :::::::::::::::::::
1954       AATCGTTTCCCGCGACGCGGTGGCTACTGGAACAACGGCTCCAACGCCGGCTTGGGGGCGCTCACTCTGCGCCCTCATCGCTCCGACTCGAGCGGTGGCATCGGTTTCCGTCCCGCT

Template:  gi167754333 strand: + 2413-2529
Variable:  gi167754333 strand: + 1868-1984 alnlen 116 mutations 15 involve-A 15 involve-T 0

2413       GCGGTGTCCTGTTCAGCGGTAATGCGAATAACAGCTCGAATGCCGGTTTTGCGTATGCGAATTCGAATAACACGCCCTCGAATACGAATGCGAATATCAGGTCTCGCCAATGATTT
           :::::::::::::: ::::: :::::::: :: ::::: :::::::::::::::::::: ::::::::::: ::::::::: : :: :::::::: :: :::::::::  :: :::
1868       GCGGTGTCCTGTTCGGCGGTTATGCGAATTACGGCTCGGATGCCGGTTTTGCGTATGCGTATTCGAATAACGCGCCCTCGACTTCGGATGCGAATTTCGGGTCTCGCCTTTGCTTT

Template:  gi167758195 strand: + 2084-2208
Variable:  gi167758195 strand: + 1453-1577 alnlen 124 mutations 12 involve-A 12 involve-T 0

2084       CCTTCACGCGCTCATTGCGGGCGGGAATTGGAACAACGGCGTCCACGACGGCGACCGCGCGGTGAATTGCAACAATTACCCGTGGAACGTCAACACGAACATTGGCGTCTGGTGCGTTTGTGAC
           ::::: ::::::: :::::::::::::::::: ::::::::::: :: ::::::::::::::::: ::::::::::::::::::: :::::  : ::: : :::::::::::::::::::::::
1453       CCTTCGCGCGCTCCTTGCGGGCGGGAATTGGAGCAACGGCGTCCGCGGCGGCGACCGCGCGGTGACTTGCAACAATTACCCGTGGTACGTCGGCGCGAGCGTTGGCGTCTGGTGCGTTTGTGAC

Template:  gi167759158 strand: + 2248-2364
Variable:  gi167759158 strand: + 1906-2022 alnlen 116 mutations 17 involve-A 16 involve-T 0

2248       TTGCCCTGTTCGGTGGCAACCGTAGCAACGGGTCGAAGTGCGGTTTGTCGTACTGGAATGTGAACAACCCTGCGTCGAACGTGAACACGAACATCGTGGCGAGCCAATCTTATCAA
           :::::::::::::::::  :::: :: ::::::::: ::::::::::::::::::: :::::: :::::::::::::: ::::  ::::  : ::::::::::::  :::: : ::
1906       TTGCCCTGTTCGGTGGCGTCCGTGGCGACGGGTCGAGGTGCGGTTTGTCGTACTGGCATGTGAGCAACCCTGCGTCGAGCGTGCGCACGTCCGTCGTGGCGAGCCTTTCTTGTAAA

Template:  gi167763773 strand: + 2249-2364
Variable:  gi167763773 strand: + 2047-2162 alnlen 115 mutations 14 involve-A 12 involve-T 2

2249       TGGTGCCCTTTTGTCTGCTAATGCGAATAATGGTGCGAATGCGGGTTTCGGTTATCTGAATGCGAATAATCGTTCCTCGTATGCGAATGCGAACAATGGGTTCCGCTTTTACCGT
           ::::::::::::::::::::::::::   :::::::::::::::::::::::: ::::  ::::  : ::::::::::::::::::::::: ::  :::::::::::: : ::::
2047       TGGTGCCCTTTTGTCTGCTAATGCGATATATGGTGCGAATGCGGGTTTCGGTTGTCTGTTTGCGGGTCATCGTTCCTCGTATGCGAATGCGTACGGTGGGTTCCGCTTGTGCCGT

Template:  gi167841733 strand: + 2320-2410
Variable:  gi167841733 strand: + 1193-1283 alnlen 90 mutations 10 involve-A 10 involve-T 0

2320       CCGGCTGGGCGTGGTACCAGAACTTCAACAACGGCAACCAGAACAACAACCACCAGAACAACGAGTTGCGCGCCCGCGCCGTCCGCAGAT
           :::::::::::::::::::: :::::  ::::::::::::: :: ::  :::::::  :: :::::::::::::::::::::::::::::
1193       CCGGCTGGGCGTGGTACCAGCACTTCGGCAACGGCAACCAGCACGACCGCCACCAGGTCACCGAGTTGCGCGCCCGCGCCGTCCGCAGAT

Template:  gi167841733 strand: + 2313-2410
Variable:  gi167841733 strand: + 1672-1769 alnlen 97 mutations 12 involve-A 10 involve-T 1

2313       GATACCTCCGGCTGGGCGTGGTACCAGAACTTCAACAACGGCAACCAGAACAACAACCACCAGAACAACGAGTTGCGCGCCCGCGCCGTCCGCAGAT
           :: : ::::::::::::::::: :::: :::::: :: ::::: ::::: :: : ::::::::  ::::::::::::::::::::::::::::::::
1672       GAAAACTCCGGCTGGGCGTGGTTCCAGGACTTCACCAGCGGCACCCAGAGCACCCACCACCAGGGCAACGAGTTGCGCGCCCGCGCCGTCCGCAGAT

Template:  gi171058937 strand: + 2238-2355
Variable:  gi171058937 strand: + 1646-1763 alnlen 117 mutations 11 involve-A 11 involve-T 0

2238       GCTGTGTCCGATCGCCGGCGGGAACTGGACGAACTCGTCTACGGCCGGCGTGTGGGCGGTCAACTGGAACAACGCGCGGTCGAACTCCAACGACAACGTGGGGCTCCGGGCCGACTC
           :::::::::: :::::::::::  :::: :: ::::::::::::::::::::::::::::: :::::: ::::::::::::: ::::::::: :: ::::::::::::::::: :::
1646       GCTGTGTCCGCTCGCCGGCGGGGGCTGGGCGTACTCGTCTACGGCCGGCGTGTGGGCGGTCTACTGGAGCAACGCGCGGTCGTACTCCAACGGCACCGTGGGGCTCCGGGCCGCCTC

Template:  gi17230989 strand: + 3580-3717
Variable:  gi17230989 strand: + 850-987 alnlen 137 mutations 21 involve-A 19 involve-T 1

3580       CTGCGGGGCGGCTCCTGGAACAACAATCCTGAAAACTGCCGTTCCGCGTCCCGCAACAACAACAATAGGGCGGAGCGCGACAACATCAACAACAATATTGGTTTTCGTGTTGTCTGCGCGTTCGGGAGTACTCTTCA
           :::::::::::::::::: :: ::  :::::::  :::::::::::::::::::  :: :  ::::::::::: :::::::  ::::  : ::: : ::::::::::::::::::::::::::::::: : ::::::
850        CTGCGGGGCGGCTCCTGGGACGACCTTCCTGAAGGCTGCCGTTCCGCGTCCCGCCTCAGCCTCAATAGGGCGGTGCGCGACCTCATCCTCTACAGTTTTGGTTTTCGTGTTGTCTGCGCGTTCGGGAGGATTCTTCA

Template:  gi17230989 strand: + 3580-3717
Variable:  gi17230989 strand: + 1788-1925 alnlen 137 mutations 23 involve-A 20 involve-T 2

3580       CTGCGGGGCGGCTCCTGGAACAACAATCCTGAAAACTGCCGTTCCGCGTCCCGCAACAACAACAATAGGGCGGAGCGCGACAACATCAACAACAATATTGGTTTTCGTGTTGTCTGCGCGTTCGGGAGTACTCTTCA
           ::::::::::::::::::: :  :  ::::: :  :::::::::::::::::::  ::::::: ::::::::: ::::: : ::  : :: ::  : ::::::::::::::::::::::::::::::: ::: ::::
1788       CTGCGGGGCGGCTCCTGGAGCTCCTCTCCTGTAGTCTGCCGTTCCGCGTCCCGCGGCAACAACGATAGGGCGGGGCGCGTCTACCGCTACTACGCTGTTGGTTTTCGTGTTGTCTGCGCGTTCGGGAGGACTTTTCA

Template:  gi186684985 strand: + 3580-3717
Variable:  gi186684985 strand: + 893-1030 alnlen 137 mutations 18 involve-A 15 involve-T 2

3580       CTGCGGGGCGGTTCCTGGATCAACAATCCTAAAAACTGCCGTTCCGCGTCCCGCAACAACAACAATAGGGCGGAGCGCGACAACATCAACAACAATATTGGTTTTCGTGTTGTCTGCGCGTTCGGGATGTCTCTTCA
           :::::::::::::::::: ::::::::::: :   :::::::::::::::::::  :: ::::: : ::::::::::::::::: ::  :: :::: :::::::::::::::::::::::::::::: :  ::::::
893        CTGCGGGGCGGTTCCTGGTTCAACAATCCTGATTTCTGCCGTTCCGCGTCCCGCGTCATCAACAGTTGGGCGGAGCGCGACAACGTCGTCAGCAATGTTGGTTTTCGTGTTGTCTGCGCGTTCGGGAGGATTCTTCA

Template:  gi186684985 strand: + 3579-3717
Variable:  gi186684985 strand: + 1884-2022 alnlen 138 mutations 20 involve-A 17 involve-T 2

3579       ACTGCGGGGCGGTTCCTGGATCAACAATCCTAAAAACTGCCGTTCCGCGTCCCGCAACAACAACAATAGGGCGGAGCGCGACAACATCAACAACAATATTGGTTTTCGTGTTGTCTGCGCGTTCGGGATGTCTCTTCA
           ::::::::::::::::::::::  : ::::: :  :::::::::::::::::::::::  :: : :::::::::::::::::  ::::  :: :: : :::::::::::::::::::::::::::::: :  ::::::
1884       ACTGCGGGGCGGTTCCTGGATCTTCGATCCTGATTACTGCCGTTCCGCGTCCCGCAACCTCAGCTATAGGGCGGAGCGCGACGGCATCCTCAGCACTCTTGGTTTTCGTGTTGTCTGCGCGTTCGGGAGGATTCTTCA

Template:  gi187929429 strand: + 2457-2555
Variable:  gi187929429 strand: + 1161-1259 alnlen 98 mutations 15 involve-A 15 involve-T 0

2457       ACGCAGTACTCGGCCAACAACGCCTGGAACCAGAACTTCAACGATGGCTACCAGAACAACGCGAACAAGGACAACAAGAACCGGGTTCGCCTCGTCCG
           :::::::::::::::  :: :::::::  :::: ::::: ::: :::::::::: :: :::::  ::::: :: :::: :::::::::::::::::::
1161       ACGCAGTACTCGGCCGGCACCGCCTGGGGCCAGGACTTCTACGGTGGCTACCAGGACTACGCGGGCAAGGGCAGCAAGGACCGGGTTCGCCTCGTCCG

Template:  gi187929429 strand: + 2457-2561
Variable:  gi187929429 strand: + 1799-1903 alnlen 104 mutations 17 involve-A 16 involve-T 1

2457       ACGCAGTACTCGGCCAACAACGCCTGGAACCAGAACTTCAACGATGGCTACCAGAACAACGCGAACAAGGACAACAAGAACCGGGTTCGCCTCGTCCGAATATC
           :::::::::::::::: :: :::::::  ::::  :::: ::: :::::::::: ::  :::: :::::: :: :::: ::::::::::::::::::: : :::
1799       ACGCAGTACTCGGCCAGCAGCGCCTGGCTCCAGGGCTTCGACGGTGGCTACCAGCACGGCGCGGACAAGGCCACCAAGTACCGGGTTCGCCTCGTCCGCAGATC

Template:  gi189425132 strand: + 2363-2488
Variable:  gi189425132 strand: + 1611-1736 alnlen 125 mutations 23 involve-A 23 involve-T 0

2363       TGGTCTGCTTCTCCCTATGCAGGCAATAGTAACAACGCCTGGAACGTCAATTTCAACAATGGCAACGTTAACAACAACAACCGTAACAATACCAACTATGTGCGGTTAGTGCGTGCCGGTCAATG
           :::::::::::::::::::::::: ::::: :: ::::::::  :::: :::::: :  ::::  :::::::  :  :  ::::  :::: ::  ::::::::::::::::::::::::::: ::
1611       TGGTCTGCTTCTCCCTATGCAGGCTATAGTGACTACGCCTGGGTCGTCCATTTCAGCTTTGGCGGCGTTAACGGCGGCGGCCGTGGCAATGCCGTCTATGTGCGGTTAGTGCGTGCCGGTCAGTG

Template:  gi189425132 strand: + 2363-2488
Variable:  gi189425132 strand: + 4119-4244 alnlen 125 mutations 20 involve-A 19 involve-T 0

2363       TGGTCTGCTTCTCCCTATGCAGGCAATAGTAACAACGCCTGGAACGTCAATTTCAACAATGGCAACGTTAACAACAACAACCGTAACAATACCAACTATGTGCGGTTAGTGCGTGCCGGTCAATG
           :::::::::::::::::::::::::::::: ::  ::::::: :::::: :::: :: ::::   :::: :: ::: :::::::  : :: ::  ::::::::::::::::::::::::::: ::
4119       TGGTCTGCTTCTCCCTATGCAGGCAATAGTTACGGCGCCTGGTACGTCAGTTTCGACCATGGGCTCGTTGACTACAGCAACCGTGGCTATTCCGTCTATGTGCGGTTAGTGCGTGCCGGTCAGTG

Template:  gi189460481 strand: + 2234-2351
Variable:  gi189460481 strand: + 1620-1737 alnlen 117 mutations 16 involve-A 16 involve-T 0

2234       GTGGTGTCCTGTTCGGCGGTAACGCGAATAACAGTGCGAATGCAGGTCTCGCTTATGCGAATTCGAATAACACCCCCTCGAATACGAATGCGAACATCGGTTCTCACCTATGCTTTA
           ::::::::::::::::::::: ::::  :::: :::::  ::: :::::::::: :::: :::::: :::: ::::::::  : ::::::::::::::::::::: ::: :::::::
1620       GTGGTGTCCTGTTCGGCGGTAGCGCGGCTAACGGTGCGTCTGCGGGTCTCGCTTGTGCGCATTCGACTAACGCCCCCTCGGCTGCGAATGCGAACATCGGTTCTCGCCTTTGCTTTA

Template:  gi189463015 strand: + 2177-2297
Variable:  gi189463015 strand: + 1574-1694 alnlen 120 mutations 10 involve-A 8 involve-T 1

2177       CCCCAATAGTCCGTGTGGTCTATCGCGGGTACAACAATGCGAATGCGAATGGCGGTGTGTCGAATGCGAATGCGAATAACGATGCTTCGAGTACGGGTGCGAATGTCGGCTCGCGTCTGG
           :: : : ::::::::::::::::::::::: :::: :::::: ::::::::::::::::::: ::::: ::::: :: ::::::::::::::::::::::::::::::::::::::::::
1574       CCGCTACAGTCCGTGTGGTCTATCGCGGGTGCAACTATGCGAGTGCGAATGGCGGTGTGTCGCATGCGTATGCGTATCACGATGCTTCGAGTACGGGTGCGAATGTCGGCTCGCGTCTGG

Template:  gi194335165 strand: + 3520-3601
Variable:  gi194335165 strand: + 1305-1386 alnlen 81 mutations 8 involve-A 8 involve-T 0

3520       ATCGGGCCGGAACCGCGTGAATCGTGGCGGTAGCTGGAACAACGACGCGAGGAACCTGCGGTCAGCGAATCGCAACAACAA
           :::::::::: :::::::::::::::::::: ::::: :: ::: :::::::::::::::::: :::::::::  ::::::
1305       ATCGGGCCGGTACCGCGTGAATCGTGGCGGTGGCTGGGACTACGTCGCGAGGAACCTGCGGTCGGCGAATCGCGGCAACAA

Template:  gi194335165 strand: + 3520-3593
Variable:  gi194335165 strand: + 4932-5005 alnlen 73 mutations 12 involve-A 11 involve-T 0

3520       ATCGGGCCGGAACCGCGTGAATCGTGGCGGTAGCTGGAACAACGACGCGAGGAACCTGCGGTCAGCGAATCGC
           ::::::::::  ::::::: ::::::::::::::::: ::   : :::: ::::::::::::: :::  ::::
4932       ATCGGGCCGGGCCCGCGTGCATCGTGGCGGTAGCTGGTACGTTGCCGCGGGGAACCTGCGGTCTGCGTGTCGC

Template:  gi194337212 strand: + 2167-2295
Variable:  gi194337212 strand: + 1585-1713 alnlen 128 mutations 15 involve-A 14 involve-T 1

2167       ATCTGCCCGTGCGTTGCGCGGCGGTTCCTGGAACAATAATCCCGACAATCTGCGTTGCTCTGCCCGGAACAACAATCATCCGGCGAACAGGAACAACAATATTGGCTTTCGGGTTGTCCGTTCCAATC
           :::::::::::::::::::::::::::::::: :::  ::::::::  ::::::::::::::::::: :: ::  :::::::::: :::::: :  :::: :::::::::::::::::::::::: ::
1585       ATCTGCCCGTGCGTTGCGCGGCGGTTCCTGGAGCAAGTATCCCGACGGTCTGCGTTGCTCTGCCCGGTACGACCTTCATCCGGCGCACAGGAGCGGCAATGTTGGCTTTCGGGTTGTCCGTTCCAGTC

Template:  gi194337359 strand: + 3516-3651
Variable:  gi194337359 strand: + 1726-1861 alnlen 135 mutations 19 involve-A 17 involve-T 0

3516       GTGGGTTCGAACCGTGTAATTCGTGGCGGGAGCTGGAACAACGATGCCGAGAACTGTCGGTCGGCGTATCGGAACAACAACACCCCCGACAACCGGAACAACAACGTGGGCTTCCGCCCGGTTTTCGTCCCGTAG
           :: :::::: ::::::: ::::::::::::::::::::: ::: ::::: :  ::::::::::::::::::::::  :::::::::::    ::::  :: :  :::::::::::::::::::::::::::::::
1726       GTAGGTTCGGACCGTGTGATTCGTGGCGGGAGCTGGAACTACGGTGCCGTGCGCTGTCGGTCGGCGTATCGGAACGGCAACACCCCCGGTCGCCGGCGCAGCGGCGTGGGCTTCCGCCCGGTTTTCGTCCCGTAG

Template:  gi210634695 strand: + 2380-2508
Variable:  gi210634695 strand: + 1716-1844 alnlen 128 mutations 16 involve-A 16 involve-T 0

2380       TCGCGTCAATTGGTGGCTCCGCTCCGTCATGGGCGGCTCGTCCTCCAACGTGTGCTATGTCAACAACAACGGCAATGCCAACAACAACGCCGCGACGAATGACTGGGTTCGCCCGTTCCCGTGATTCC
           :::::::  :::::::::::::::::::::::::::::::::::::: :::::::::::::  :: :  ::::: ::::: :: :  ::::::: :: ::::::::::::::::::::::::: ::::
1716       TCGCGTCCTTTGGTGGCTCCGCTCCGTCATGGGCGGCTCGTCCTCCAGCGTGTGCTATGTCGGCAGCTGCGGCACTGCCAGCAGCGGCGCCGCGGCGTATGACTGGGTTCGCCCGTTCCCGTGCTTCC

Template:  gi218295563 strand: + 2113-2228
Variable:  gi218295563 strand: + 1593-1708 alnlen 115 mutations 10 involve-A 9 involve-T 1

2113       CGGCTCCCGATCCGTGGTGGCAACTGGTGGAATGGCGGTAACGCGGGGCTCGCCGCGTTGAACCTGCTCAACCCGCGCGGCAACCGGAACTGGAGTGTCGGGGCCCGCCCCGCTT
           ::::::::::::::::::::: ::::: :::::::::::  ::::::::::::::::::: ::::::::::::::::::::  ::::  :::: :::::::::::::::::::::
1593       CGGCTCCCGATCCGTGGTGGCGACTGGGGGAATGGCGGTGTCGCGGGGCTCGCCGCGTTGTACCTGCTCAACCCGCGCGGCTCCCGGCGCTGGGGTGTCGGGGCCCGCCCCGCTT

Template:  gi218961492 strand: + 3507-3651
Variable:  gi218961492 strand: + 1261-1405 alnlen 144 mutations 25 involve-A 19 involve-T 4

3507       TCATAAAGCGGAACCAACCGTGTGAAACGTGGCGGCAGCTGGAACAACAATGCCAGCAATTGCACTGTTTCGAATCGGAACAACAATAGTGCTACTAACAGCAATAACAACATTGGCTTCCGTGTTTGTAGTATCTTCCATTAT
           :::  ::::::  ::  :::::::  :::::::::::::::: :: ::::::::::::::::::::::::::  ::: ::: :: ::::::::::: :::::: :::: :: :::::::::::::::::::  : : :: : ::
1261       TCAACAAGCGGGGCCGGCCGTGTGTGACGTGGCGGCAGCTGGTACTACAATGCCAGCAATTGCACTGTTTCGGTTCGCAACTACGATAGTGCTACTTACAGCAGTAACGACTTTGGCTTCCGTGTTTGTAGGGTTTCCCTTGAT

Template:  gi220934786 strand: + 2285-2415
Variable:  gi220934786 strand: + 1766-1896 alnlen 130 mutations 8 involve-A 8 involve-T 0

2285       TCGCCACTGGCGTATGTGGATCGCCGGCGGTCAATGGGACAACGGCGTCCGGTGTGGGTCGCGTTGTGCGAACGCGAACAACAATCCCTGGAATGTGAATAGCAATACGGGGCTGCGCGGTGTCTGTGAC
           ::::::::::::::::::: :::::::::::::::::: ::::::::::::::::::::::::::::::: :::::: : ::: ::::::: :::::::: :::::::::::::::::::::::::::::
1766       TCGCCACTGGCGTATGTGGCTCGCCGGCGGTCAATGGGGCAACGGCGTCCGGTGTGGGTCGCGTTGTGCGCACGCGATCCACAGTCCCTGGTATGTGAATTGCAATACGGGGCTGCGCGGTGTCTGTGAC

Template:  gi227485876 strand: + 2248-2339
Variable:  gi227485876 strand: + 4264-4355 alnlen 91 mutations 9 involve-A 9 involve-T 0

2248       GTCCAATTCGTACAACGTCCGCTATGTCAACAGCGATGGTTCCTTGAACTGGAACAACGCGCGCAATGGCAACAACGGCGTTCGCCCGCTT
           :::: ::::::::: :::::::::::::: ::::::::::::::::::::::: :  ::::::: ::::::::  ::::::::::::::::
4264       GTCCCATTCGTACAGCGTCCGCTATGTCAGCAGCGATGGTTCCTTGAACTGGAGCCGCGCGCGCGATGGCAACGGCGGCGTTCGCCCGCTT

Template:  gi229815313 strand: + 2172-2301
Variable:  gi229815313 strand: + 1444-1573 alnlen 129 mutations 13 involve-A 13 involve-T 0

2172       GTCGCATCAATTGGTGGCTGCGGTCGGTGTCCGGCTCGTCCTCGTCCAACGTGTGCTACGTCAACAACAACGGGAATGCCAACTACAATTCCCCGACGAATGACTGGGTGCGGCCCCGCCCCTGATTCC
           ::::: ::::::::::::::::::::::::::::::::::::::::: ::::::::::::::  : ::: :::: :::::: :: : ::::::::::: ::: ::::::::::::::::::::: ::::
1444       GTCGCGTCAATTGGTGGCTGCGGTCGGTGTCCGGCTCGTCCTCGTCCTACGTGTGCTACGTCGGCTACAGCGGGTATGCCACCTGCTATTCCCCGACGCATGGCTGGGTGCGGCCCCGCCCCTGCTTCC

Template:  gi237720926 strand: + 2107-2225
Variable:  gi237720926 strand: + 1820-1938 alnlen 118 mutations 14 involve-A 13 involve-T 1

2107       AGCTGGTTCTTTGGGGCGGTAATGCGAATAACGGTGCGAATTGCGGCCTCGCTTATGCGAACTCGAATAACGATTGGTCGAACTCGAATGCGAATATCGGCTCTCGCCATACTTATTT
           :::::::::::::::::::::::::: ::: :::::::: :::::::::::::: ::::: ::::::: :::::::::::  ::::  :::: ::::::::::::::: : : :::::
1820       AGCTGGTTCTTTGGGGCGGTAATGCGTATACCGGTGCGACTTGCGGCCTCGCTTCTGCGACCTCGAATCACGATTGGTCGTTCTCGTCTGCGTATATCGGCTCTCGCCTTGCGTATTT

Template:  gi237721078 strand: + 2482-2573
Variable:  gi237721078 strand: + 1725-1816 alnlen 91 mutations 13 involve-A 13 involve-T 0

2482       GCTTCCAGCAGTTGGAACGTGAACTTCAACAACGGCAACGTCAACACGAACAACCGCCAGAACGCGAACCGGGTTCGTCCCCTCGCCGCAA
           :::::::::::::::  ::::  :::::::  ::::: ::::  :::::::  ::::::: ::::: ::::::::::::::::::::::::
1725       GCTTCCAGCAGTTGGTGCGTGGGCTTCAACGGCGGCAGCGTCGGCACGAACGGCCGCCAGTACGCGTACCGGGTTCGTCCCCTCGCCGCAA

Template:  gi238027140 strand: + 2649-2740
Variable:  gi238027140 strand: + 1501-1592 alnlen 91 mutations 10 involve-A 10 involve-T 0

2649       TCCGGCTGGGCGTGGTGCCAGAACTTCAACAACGGCAACCAGAACAACAACCACCAGAACAACGAGTTCCGAGCCCGAGCCGTCCGCAGAT
           ::::::::::::::::::::: :::::  : ::::: :::::  :: :: :::::::::: ::::::::::::::::::::::::::::::
1501       TCCGGCTGGGCGTGGTGCCAGGACTTCGGCTACGGCGACCAGGGCAGCAGCCACCAGAACTACGAGTTCCGAGCCCGAGCCGTCCGCAGAT

Template:  gi238027140 strand: + 2649-2740
Variable:  gi238027140 strand: + 2008-2099 alnlen 91 mutations 14 involve-A 14 involve-T 0

2649       TCCGGCTGGGCGTGGTGCCAGAACTTCAACAACGGCAACCAGAACAACAACCACCAGAACAACGAGTTCCGAGCCCGAGCCGTCCGCAGAT
           :::::::::::::::::::::  ::::: :: ::::  :::: :: ::  :: ::::  : ::::::::::::::::::::::::::::::
2008       TCCGGCTGGGCGTGGTGCCAGGGCTTCAGCAGCGGCGGCCAGGACTACGGCCGCCAGCTCGACGAGTTCCGAGCCCGAGCCGTCCGCAGAT

Template:  gi238909111 strand: + 2121-2245
Variable:  gi238909111 strand: + 1872-1996 alnlen 124 mutations 25 involve-A 24 involve-T 1

2121       TTTCGTGTTACTAAATTAGGTGGTAAATGGAATAATGGTACTAAATGTGGTGCATGGTATCTTAATCTGAATAATACCTCCTCTAATCGCAATCGGAATATCAGCAGTCACTTACTATATGTGC
           ::::::::: ::: ::: ::::::: ::::: : ::::: :::  ::::::::::::: :::: :::::  :::: :::::::  :::::  ::::: : :: :: ::: ::: :: :::::::
1872       TTTCGTGTTGCTATATTGGGTGGTAGATGGACTTATGGTGCTAGGTGTGGTGCATGGTTTCTTCATCTGGGTAATGCCTCCTCGGATCGCGTTCGGAGTGTCGGCGGTCGCTTGCTGTATGTGC

Template:  gi239625916 strand: + 2214-2341
Variable:  gi239625916 strand: + 1560-1687 alnlen 127 mutations 12 involve-A 12 involve-T 0

2214       AGCCTTGCACGCCCTCATTGGCGGCGGCAATTGGAACAACGGCGTGCATTGCGGTAGCCGTGCCGTCAATTGCAACAATTACCCGTGGAACGTGAACACGAACATTGGTGTGCGGTGCGTGTGTGAC
           :::::::: ::::::::::::::::::: ::::::::::::::::::::::::::::::::::::::: ::::  :  :: :::::::: :::: :: ::: :::::::::::::::::::::::::
1560       AGCCTTGCGCGCCCTCATTGGCGGCGGCGATTGGAACAACGGCGTGCATTGCGGTAGCCGTGCCGTCAGTTGCGCCGCTTGCCCGTGGAGCGTGTACGCGAGCATTGGTGTGCGGTGCGTGTGTGAC

Template:  gi253574968 strand: + 2269-2361
Variable:  gi253574968 strand: + 4129-4221 alnlen 92 mutations 10 involve-A 10 involve-T 0

2269       CTCCTACCGTGCGATTCGCGGCTACAACTCGGCCCGCAACTGGAATTACAACACGTCGTCCAATCGCAACGACAACATCGGCTGGCGGCCCG
           ::::: ::::::::::::::::::: ::::::::::: ::::: :::::::::::::::::  ::::  :::: :: :::::::::::::::
4129       CTCCTCCCGTGCGATTCGCGGCTACTACTCGGCCCGCTACTGGGATTACAACACGTCGTCCGGTCGCCTCGACTACCTCGGCTGGCGGCCCG

Template:  gi254523226 strand: + 2561-2675
Variable:  gi254523226 strand: + 86-200 alnlen 114 mutations 17 involve-A 16 involve-T 0

2561       CGGCCGCCTGGTCCTCGGCGTCCGCGTGGAACGTCAATTTCAACAACGGCAACGTCAACAACAACCACCGCAACAACAACGGGTTCGCGTTGGCCGTGCGTCGTGCCGGTGAGT
           :::::::::::::::::::::::::::::  :::: ::::: :: :::::  ::::  : :: ::: ::::: : ::  ::::::::::::::::::::::::::::::: :::
86         CGGCCGCCTGGTCCTCGGCGTCCGCGTGGTTCGTCGATTTCTACGACGGCCTCGTCGGCGACTACCGCCGCAGCGACGGCGGGTTCGCGTTGGCCGTGCGTCGTGCCGGTCAGT

Template:  gi254523226 strand: + 2561-2675
Variable:  gi254523226 strand: + 544-658 alnlen 114 mutations 14 involve-A 13 involve-T 0

2561       CGGCCGCCTGGTCCTCGGCGTCCGCGTGGAACGTCAATTTCAACAACGGCAACGTCAACAACAACCACCGCAACAACAACGGGTTCGCGTTGGCCGTGCGTCGTGCCGGTGAGT
           :::::::::::::::::::::::::::::  :::: ::::::::  :::: :::::: : :: ::::::::  :: : :::::::::::::::::::::::::::::::: :::
544        CGGCCGCCTGGTCCTCGGCGTCCGCGTGGGGCGTCGATTTCAACCTCGGCTACGTCAGCTACGACCACCGCGGCAGCCACGGGTTCGCGTTGGCCGTGCGTCGTGCCGGTCAGT

Template:  gi254523226 strand: + 2561-2675
Variable:  gi254523226 strand: + 1002-1116 alnlen 114 mutations 17 involve-A 16 involve-T 0

2561       CGGCCGCCTGGTCCTCGGCGTCCGCGTGGAACGTCAATTTCAACAACGGCAACGTCAACAACAACCACCGCAACAACAACGGGTTCGCGTTGGCCGTGCGTCGTGCCGGTGAGT
           :::::::::::::::::::::::::::::  ::::  ::::: : :::::  :::: :: ::  :: ::::  :: :::::::::::::::::::::::::::::::::: :::
1002       CGGCCGCCTGGTCCTCGGCGTCCGCGTGGCTCGTCTCTTTCAGCTACGGCCTCGTCTACGACGGCCTCCGCCTCACCAACGGGTTCGCGTTGGCCGTGCGTCGTGCCGGTCAGT

Template:  gi254523226 strand: + 2561-2675
Variable:  gi254523226 strand: + 1460-1574 alnlen 114 mutations 17 involve-A 16 involve-T 0

2561       CGGCCGCCTGGTCCTCGGCGTCCGCGTGGAACGTCAATTTCAACAACGGCAACGTCAACAACAACCACCGCAACAACAACGGGTTCGCGTTGGCCGTGCGTCGTGCCGGTGAGT
           :::::::::::::::::::::::::::::  :::: ::::: :: :::::  ::::  : :: ::: ::::: : ::  ::::::::::::::::::::::::::::::: :::
1460       CGGCCGCCTGGTCCTCGGCGTCCGCGTGGTTCGTCGATTTCTACGACGGCCTCGTCGGCGACTACCGCCGCAGCGACGGCGGGTTCGCGTTGGCCGTGCGTCGTGCCGGTCAGT

Template:  gi254523226 strand: + 2561-2675
Variable:  gi254523226 strand: + 1918-2032 alnlen 114 mutations 13 involve-A 12 involve-T 0

2561       CGGCCGCCTGGTCCTCGGCGTCCGCGTGGAACGTCAATTTCAACAACGGCAACGTCAACAACAACCACCGCAACAACAACGGGTTCGCGTTGGCCGTGCGTCGTGCCGGTGAGT
           ::::::::::::::::::::::::::::: ::::: :::::: :: ::::  :::: ::::::::: :::: :: ::  ::::::::::::::::::::::::::::::: :::
1918       CGGCCGCCTGGTCCTCGGCGTCCGCGTGGTACGTCTATTTCAGCAGCGGCGCCGTCTACAACAACCGCCGCCACGACCTCGGGTTCGCGTTGGCCGTGCGTCGTGCCGGTCAGT

Template:  gi257093900 strand: + 2088-2227
Variable:  gi257093900 strand: + 1782-1921 alnlen 139 mutations 22 involve-A 17 involve-T 1

2088       TGGGAAGGTCCGGCGCGTGGTGCGCGGCGGCTCGTGGAACAACAACCGTGAGAACGCGCGCTGTGCCTACCGCAACAGCACCCATCCCGGCAACCGCAACAACAATCTCGGCTTTCGGGTGTTGTGTGTCTCCCACATC
           :::  : : :::::::::::::::::::::::::::: ::  :::::::: :  :::::: :::::::::::: ::  : ::: ::::::: :::::  :  :::::::::::::::::::::::::::::::: ::::
1782       TGGCGATGGCCGGCGCGTGGTGCGCGGCGGCTCGTGGGACTTCAACCGTGGGCTCGCGCGTTGTGCCTACCGCGACTACCCCCTTCCCGGCGACCGCGGCCGCAATCTCGGCTTTCGGGTGTTGTGTGTCTCCCCCATC

Template:  gi257094650 strand: + 4438-4568
Variable:  gi257094650 strand: + 1688-1818 alnlen 130 mutations 17 involve-A 15 involve-T 0

4438       GTGTGTCCGAGCGCGCGCTACGCGGCGGCTCCTGGAACAACGACGCCAGGAACGTCCGCTCGGCGAACCGCAACGCGAACGCGCCCGACAACGCCAACCAGGACGTCGGTTTCCGCTTTGCCCTGAGCTC
           ::::::::: ::::::::::::::::::::::::: :: ::  :::: ::: ::::::::::::: :::::  :::: ::::::::: :: :::: ::: :: :::::::::::::::::::::::: ::
1688       GTGTGTCCGGGCGCGCGCTACGCGGCGGCTCCTGGTACGACTTCGCCTGGAGCGTCCGCTCGGCGTACCGCTTCGCGTACGCGCCCGGCAGCGCCGACCGGGGCGTCGGTTTCCGCTTTGCCCTGAGGTC

Template:  gi257439360 strand: + 2272-2387
Variable:  gi257439360 strand: + 1689-1804 alnlen 115 mutations 13 involve-A 13 involve-T 0

2272       GCGCTGCGTGTATCGCGGGGGCAACTGGAACAACGGTGCGAACGCTGGTGTGTTCTACCTCAACGGCAACAACTCCCGCAGCAATGCGAACACGAACATCGGCTTCCGTGCCGCT
           ::::::::::::::::::::::: ::::  : ::::::::  :::::::::::::: :::: :::::  ::::::::::::: ::::: ::::: ::::::::::::::::::::
1689       GCGCTGCGTGTATCGCGGGGGCAGCTGGGGCGACGGTGCGTCCGCTGGTGTGTTCTCCCTCTACGGCCTCAACTCCCGCAGCTATGCGTACACGTACATCGGCTTCCGTGCCGCT

Template:  gi257440840 strand: + 2187-2281
Variable:  gi257440840 strand: + 4241-4335 alnlen 94 mutations 11 involve-A 11 involve-T 0

2187       GCGTCGAACCGTGCGGTTCGCGGGTACAATTCGGCCCGCAACTGGAACAACAACAATGCTACGAACTCCAACCCGAACGTCGGTTTCCGCCCCG
           ::::::: ::::::::::::::::::: ::::::::::: ::::: :::::  ::::::: :: :::::  ::::: :::::::::::::::::
4241       GCGTCGATCCGTGCGGTTCGCGGGTACTATTCGGCCCGCCACTGGGACAACCTCAATGCTGCGTACTCCCTCCCGACCGTCGGTTTCCGCCCCG

Template:  gi257792377 strand: + 2155-2285
Variable:  gi257792377 strand: + 1425-1555 alnlen 130 mutations 11 involve-A 11 involve-T 0

2155       TCGCGGATCAATTGGTGGCTTCGCTCTGTGTCCGGGCTTTCCTCGTCCAACGTGTGCTACGTCAACAGTAACGGGAATGCCAACTACAATACCCCGGCGAACACCTGGGTCCGGCCCCTGCCCTGATTCC
           :::::::::  ::::::::::::::::::::::::::::::::::::: :::::::::::::: ::::: :::::: :::: ::::: ::::::::::: :: :::::::::::::::::::::: ::::
1425       TCGCGGATCTCTTGGTGGCTTCGCTCTGTGTCCGGGCTTTCCTCGTCCTACGTGTGCTACGTCGACAGTTACGGGATTGCCTACTACTATACCCCGGCGTACGCCTGGGTCCGGCCCCTGCCCTGCTTCC

Template:  gi260587208 strand: + 2272-2387
Variable:  gi260587208 strand: + 1689-1804 alnlen 115 mutations 14 involve-A 14 involve-T 0

2272       GCGCTGCGTGTATCGCGGGGGCAACTGGAACAACGGTGCGAACGCTGGTGTGTTCTACCTCAACGGCAACAACTCCCGCAGCAATGTGAACACGAACATCGGCTTCCGTGCCGCT
           :::::::::::::::::::::: ::::::::  ::::::: :::::::::::::::::::: :::::: :  ::::::::::  ::::  :::: :: :::::::::::::::::
1689       GCGCTGCGTGTATCGCGGGGGCGACTGGAACGGCGGTGCGTACGCTGGTGTGTTCTACCTCTACGGCACCGGCTCCCGCAGCGGTGTGTCCACGTACCTCGGCTTCCGTGCCGCT

Template:  gi260642123 strand: + 1541-1652
Variable:  gi260642123 strand: + 1172-1283 alnlen 111 mutations 9 involve-A 9 involve-T 0

1541       GGCCGTGTGGTCTATCGTGGCAACAACAACGCGAACCCGAATGGCGGTGTTTCGATGTCGAATGCGAACAACGATTCCTCGAATACGAACACGAACATCGGTTCTCGTCTG
           ::::::::::::::::::::: ::: : ::::::::::::::::::::::::::::::::::::::  : ::::::::::: :::::: ::::: ::::::::::::::::
1172       GGCCGTGTGGTCTATCGTGGCTACAGCGACGCGAACCCGAATGGCGGTGTTTCGATGTCGAATGCGGTCCACGATTCCTCGTATACGAGCACGATCATCGGTTCTCGTCTG

Template:  gi261880961 strand: + 2172-2286
Variable:  gi261880961 strand: + 1827-1941 alnlen 114 mutations 7 involve-A 7 involve-T 0

2172       GTTCCGCGTTGTTTTTCGTGGTGGCAACAATGCGTACCCGCACAACGGTATCTCGTGTTCGAATGCGAATAACGATGCTTCGAACTCGGATGCGGACGTCGGTTCGCGTCTGGC
           :::::::::::::::::::::::::::: :::::::::::: : ::::::::::::::::::::::: ::: :::::::::: :::::::::::: ::::::::::::::::::
1827       GTTCCGCGTTGTTTTTCGTGGTGGCAACTATGCGTACCCGCTCTACGGTATCTCGTGTTCGAATGCGTATAGCGATGCTTCGTACTCGGATGCGGGCGTCGGTTCGCGTCTGGC

Template:  gi265750836 strand: + 2175-2285
Variable:  gi265750836 strand: + 1805-1915 alnlen 110 mutations 8 involve-A 8 involve-T 0

2175       GCCGTGTGGTCTATCGTGGCAACAACAACGCGAACCCGAATGGCGGTGTTTCGATGTCGAATGCGAACAACGATTCCTCGAATACGAACACGAACATCGGTTCTCGTCTG
           ::::::::::::::::::::: :: : :::::: :::::::::::::::::::::::::::::::: ::::::::::::: :::::: :::: :::::::::::::::::
1805       GCCGTGTGGTCTATCGTGGCAGCAGCTACGCGAGCCCGAATGGCGGTGTTTCGATGTCGAATGCGAGCAACGATTCCTCGTATACGAGCACGTACATCGGTTCTCGTCTG

Template:  gi266622220 strand: + 2302-2391
Variable:  gi266622220 strand: + 1174-1263 alnlen 89 mutations 13 involve-A 13 involve-T 0

2302       CGTCGTTTCTTCGGCTAACTTTGCCAATGTGAACAACAATGGCAATACGAACTACAACAACGCTTCGAACTCTAATGGAGTTCGTCCGG
           :::::::::::::::: ::::::::: :::: ::  : :::::: :::: ::::: ::  ::::::: ::::: :::::::::::::::
1174       CGTCGTTTCTTCGGCTTACTTTGCCACTGTGTACGGCCATGGCATTACGGACTACCACGGCGCTTCGGACTCTCATGGAGTTCGTCCGG

Template:  gi27311204 strand: + 2281-2397
Variable:  gi27311204 strand: + 1706-1822 alnlen 116 mutations 7 involve-A 7 involve-T 0

2281       ACCGATTCCCGCTTCGCGGGGGCAACTGGAACAATGGCTCGAACGCCGGGCTGGGCGCGCTCAATCTGAACAATGCGCGGTCGAACTCGAACAGTAACATCGGTTTTCGCCCCGCT
           :::: :::::::::::::::::: :::::::::::::::::: ::::::::::::::::::: :::::: : :::::::::::::::::::::::: :::::::::::::::::::
1706       ACCGGTTCCCGCTTCGCGGGGGCTACTGGAACAATGGCTCGAGCGCCGGGCTGGGCGCGCTCTATCTGAGCTATGCGCGGTCGAACTCGAACAGTAGCATCGGTTTTCGCCCCGCT

Template:  gi283796807 strand: + 2196-2305
Variable:  gi283796807 strand: + 1933-2042 alnlen 109 mutations 15 involve-A 14 involve-T 1

2196       GGCGGTCGCCCTTCGGTTCGGTAATTGCAACAACGGTACGAATGATGGTTTGCGCTACTTGAATGTGAACAACACTGCCGGGAATGCCAACTGGAACATCGGGGCCGCC
           ::::::::::: ::::::::::: ::::  : ::::::::  :::::::::::::: ::::  :::: ::::: :::::::: ::::::::::: :: :::::::::::
1933       GGCGGTCGCCCGTCGGTTCGGTAGTTGCTCCGACGGTACGCCTGATGGTTTGCGCTGCTTGGGTGTGGACAACCCTGCCGGGGATGCCAACTGGTACCTCGGGGCCGCC

Template:  gi291513637 strand: + 2276-2389
Variable:  gi291513637 strand: + 1685-1798 alnlen 113 mutations 19 involve-A 19 involve-T 0

2276       GGGGCGTGCTTTTCGGCGGTAATGCGAATAACAGCGCGAATGCCGGCTTTTCGTACGCGAATACGAATAACACGGCTTCGAATACGAATGCGAATGTCAGCTCCCAGCTATGC
           ::::::::::::::::::::  :::: ::  : ::::: ::::::::::::::: ::::: : ::: :: : ::::::::::::::  :::: ::::: :::::: ::: :::
1685       GGGGCGTGCTTTTCGGCGGTGCTGCGTATTCCGGCGCGTATGCCGGCTTTTCGTGCGCGAGTGCGAGTAGCGCGGCTTCGAATACGGGTGCGTATGTCGGCTCCCGGCTTTGC

Template:  gi291517473 strand: + 2190-2298
Variable:  gi291517473 strand: + 1952-2060 alnlen 108 mutations 15 involve-A 15 involve-T 0

2190       GGTGCAGCGCTTCGGCAACCTCAGGGATGGGGCTGCCTGCGGCGCTTTCGCCGCGAACCTCAGGAACGACCTCGCGAATCGCAGGTGGAACATCGGGGGCCGCATATC
           ::::: ::::::::::  :::: ::::::::::::::::::::::::::::::::  :::::::  ::::::::::  :::: ::::: :: ::::::::::: : ::
1952       GGTGCTGCGCTTCGGCTCCCTCTGGGATGGGGCTGCCTGCGGCGCTTTCGCCGCGCTCCTCAGGGGCGACCTCGCGCTTCGCTGGTGGCACTTCGGGGGCCGCCTGTC

Template:  gi291522399 strand: + 2207-2365
Variable:  gi291522399 strand: + 1951-2109 alnlen 158 mutations 22 involve-A 21 involve-T 0

2207       TGGGAGCTGGCTTCAATTACGAACCTGCGGCGTCTGGTGTTCGTGCGGCTTGGTGCTTTGGCAACTTGAACAACGGTGGTAATGCTGGCGTTCCTTGCCGTAACTCGAACAATGGGGTGTCTAACGCTAACTGGAACGGCTCTCTCGGAGCAACTGGT
           :::::::::::::: ::: ::  :::::::::::::::::::::::::::::::::::::::  ::::  :  ::::::: :::::::: :::::::::::  ::::  :: ::::::::::  ::::: ::::: :::::::::::::::: :::::
1951       TGGGAGCTGGCTTCTATTGCGTTCCTGCGGCGTCTGGTGTTCGTGCGGCTTGGTGCTTTGGCCTCTTGGGCTTCGGTGGTCATGCTGGCTTTCCTTGCCGTGCCTCGTTCATTGGGGTGTCTGCCGCTAGCTGGAGCGGCTCTCTCGGAGCACCTGGT

Template:  gi291524999 strand: + 2214-2341
Variable:  gi291524999 strand: + 1560-1687 alnlen 127 mutations 13 involve-A 13 involve-T 0

2214       AGCCTTGCACGCCCTCATTGGCGGCGGCAATTGGAACAACGGCGTGCATTGCGGTAGCCGTGCCGTCAATTGCAACAATTACCCGTGGAACGTGAACACGAACATTGGTGTGCGGTGCGTGTGTGAC
           :::::::: :::::::::::::::::::: ::::  : ::::::::::::::::: :::::::::::: ::::::::::::::::::: :::::  : :: :: :::::::::::::::::::::::
1560       AGCCTTGCGCGCCCTCATTGGCGGCGGCAGTTGGGGCGACGGCGTGCATTGCGGTGGCCGTGCCGTCATTTGCAACAATTACCCGTGGTACGTGGCCGCGTACGTTGGTGTGCGGTGCGTGTGTGAC

Template:  gi291526343 strand: + 2096-2221
Variable:  gi291526343 strand: + 1847-1972 alnlen 125 mutations 28 involve-A 28 involve-T 0

2096       GTTTCGTGTTACTAAATTAGGTGGTAAATGGAATAATGGTACTAAATGTGGTGCATGGTATCTTAATCTGAATAATACCTCCTCTAATCGCAATCGGAATATCAGCAGTCACTTACTATATGTGC
           :::::::::: ::: ::: :::::::  :::: : ::::: ::  ::::::::: :::: ::::  :::: :: :: :::::::: :::::  ::::  : :: :: ::: ::: :: :::::::
1847       GTTTCGTGTTGCTATATTGGGTGGTAGGTGGACTTATGGTGCTGGATGTGGTGCGTGGTTTCTTGGTCTGTATGATGCCTCCTCTTATCGCGGTCGGGGTGTCGGCGGTCGCTTGCTGTATGTGC

Template:  gi291546485 strand: + 2116-2235
Variable:  gi291546485 strand: + 1521-1640 alnlen 119 mutations 12 involve-A 11 involve-T 1

2116       AGCGCTTGTTCAACTCCGGTGGCAACTATGGCAACGGCACGAACGCGGGTGTCGGTTACAGTAACGGCAACTGGACGAACCGCGGCAACGTGAACGTGAACATCGGCTGGCGCTCCGCT
           ::::::::::: :::::::::::::::::::: ::::: :::::::::::::::::::::::: ::::  :::::::: ::::::: :::::: :: :  :::::::::::::::::::
1521       AGCGCTTGTTCTACTCCGGTGGCAACTATGGCTACGGCGCGAACGCGGGTGTCGGTTACAGTAGCGGCGTCTGGACGAGCCGCGGCTACGTGAGCGCGGGCATCGGCTGGCGCTCCGCT

Template:  gi291561321 strand: + 2347-2436
Variable:  gi291561321 strand: + 1668-1757 alnlen 89 mutations 14 involve-A 14 involve-T 0

2347       CTTCCGCTACTAACTTCTCCAATGTCAACAACAACGGTAATGCGAACAACAACAACGCTTCTAACTCTAATGGCGTTCGCCCCGATTTC
           :::::::::::  :::::::  ::::: :: :: :::: :::::: : :: ::::::::::: :::::: :::::::::::::: ::::
1668       CTTCCGCTACTCTCTTCTCCTTTGTCAGCATCAGCGGTTATGCGACCTACTACAACGCTTCTTACTCTAGTGGCGTTCGCCCCGCTTTC

Template:  gi291612675 strand: + 2668-2774
Variable:  gi291612675 strand: + 1597-1703 alnlen 106 mutations 13 involve-A 11 involve-T 1

2668       AGCGTTCGGCAGGTTCCGCCTGGTATCAGAACTTCAACAATGGAAACCAGAACTGGAACAACACCAACAACAAGTGCCGTGCTGTGGCCGTCCGCAGCTCAACCAT
           :::::::::::::::::::::::::::::: ::::  :: ::::  :::: :::::: :::::::: :: ::::::::::::::::::::::::::::  : ::::
1597       AGCGTTCGGCAGGTTCCGCCTGGTATCAGACCTTCCTCAGTGGAGGCCAGGACTGGAGCAACACCAGCAGCAAGTGCCGTGCTGTGGCCGTCCGCAGCGTAGCCAT

Template:  gi291612675 strand: + 2667-2768
Variable:  gi291612675 strand: + 1996-2097 alnlen 101 mutations 15 involve-A 14 involve-T 0

2667       CAGCGTTCGGCAGGTTCCGCCTGGTATCAGAACTTCAACAATGGAAACCAGAACTGGAACAACACCAACAACAAGTGCCGTGCTGTGGCCGTCCGCAGCTC
           ::::::::::::::::::::::::: ::::  :::: :: :::::: :::: :::::  :  :::: ::  ::::::::::::::::::::::::::: ::
1996       CAGCGTTCGGCAGGTTCCGCCTGGTTTCAGGGCTTCGACGATGGAACCCAGTACTGGGTCTTCACCGACGGCAAGTGCCGTGCTGTGGCCGTCCGCAGATC

Template:  gi291614412 strand: + 2189-2303
Variable:  gi291614412 strand: + 1138-1252 alnlen 114 mutations 14 involve-A 14 involve-T 0

2189       GTCTGGCCATGCGCTCATCCGGGGCGGCTACTGGAGTTCCGGGTCGGGTGCGGGCGTCTTCAATCTCAACAACGACAACCCCGAGTACGAGGACGACGACATCGGCTTTCGCTG
           :::::::: :::::::::::::::::::: :::: :::::::::::::::::::::::::: :::::  :  :::: :::::::::::: :: :: :: : :::::::::::::
1138       GTCTGGCCGTGCGCTCATCCGGGGCGGCTTCTGGGGTTCCGGGTCGGGTGCGGGCGTCTTCCATCTCGGCGGCGACGACCCCGAGTACGGGGGCGGCGGCGTCGGCTTTCGCTG

Template:  gi291621968 strand: + 2513-2629
Variable:  gi291621968 strand: + 1959-2075 alnlen 116 mutations 12 involve-A 12 involve-T 0

2513       ACCGATTCCCGCTTCGCGGGGGCAACTGGAACAATGGCTCGAACGCCGGGCTGGGCGCGCTCAATCTGAACAATGCGCGGTCGAACTCGAACAGTAACATCGGTTTTCGCCCCGCT
           :::::::::::::::::::::::::::::  :  :::::::  ::::::::::::::::::: :::::  : :::::::::::::::::  :::::::::::::::::::::::::
1959       ACCGATTCCCGCTTCGCGGGGGCAACTGGGGCGCTGGCTCGGGCGCCGGGCTGGGCGCGCTCTATCTGGGCTATGCGCGGTCGAACTCGGTCAGTAACATCGGTTTTCGCCCCGCT

Template:  gi293369862 strand: + 2579-2674
Variable:  gi293369862 strand: + 1850-1945 alnlen 95 mutations 11 involve-A 10 involve-T 0

2579       CCTCGAACGCGTGGTACGTGAACATGAACAACGGCAACGTGAACACGAACAACAAGACTAACGCAGGCAGGGTTCGTCCCGTTTCCGCAACAGAT
           :::::  ::::::::::::: ::::: ::::::::  :::: :::::: :: :::::::: ::::::::::::::::::::::::::::: ::::
1850       CCTCGTCCGCGTGGTACGTGTACATGCACAACGGCGGCGTGCACACGACCAGCAAGACTAGCGCAGGCAGGGTTCGTCCCGTTTCCGCAATAGAT

Template:  gi293372957 strand: + 2578-2669
Variable:  gi293372957 strand: + 1821-1912 alnlen 91 mutations 9 involve-A 9 involve-T 0

2578       GCTTCCAGCAGTTGGAACGTGAACTTCAACAACGGCAACGTCAACACGAACAACCGCCAGAACGCGAACCGGGTTCGTCCCCTCGCCGCAA
           :::::::::::::::: :::: :::::: :  :::::::::: :: :::::::::::::: :::::: :::::::::::::::::::::::
1821       GCTTCCAGCAGTTGGATCGTGTACTTCAGCGGCGGCAACGTCTACCCGAACAACCGCCAGTACGCGACCCGGGTTCGTCCCCTCGCCGCAA

Template:  gi294778518 strand: + 2187-2298
Variable:  gi294778518 strand: + 1817-1928 alnlen 111 mutations 12 involve-A 12 involve-T 0

2187       GGCCGTGTGGTCTATCGTGGCAACAACAACGCGAACCCGAATGGCGGTGTTTCGATGTCGAATGCGAACAACGATTCCTCGAATACGAACACGAACATCGGTTCTCGTCTG
           ::::::::::::::::::::: :::::  :::: ::::: :::::::::::::::::::: :::::: : ::::::::::: :: ::: :::: :::::::::::::::::
1817       GGCCGTGTGGTCTATCGTGGCCACAACGTCGCGTACCCGTATGGCGGTGTTTCGATGTCGTATGCGAGCCACGATTCCTCGTATGCGAGCACGTACATCGGTTCTCGTCTG

Template:  gi298480077 strand: + 2249-2364
Variable:  gi298480077 strand: + 1845-1960 alnlen 115 mutations 16 involve-A 15 involve-T 1

2249       TGGTGCCCTTTTGTCTGCTAATGCGAATAATGGTGCGAATGCGGGTTTCGGTTATCTGAATGCGAATAATCGTTCCTCGAATGCGAATGCGAACATTGGGTTCCGCTTTTACCGT
           :::::::::::::::::::  :::::::  :::::::: :::::::::::::: ::::  :::: :: ::::::::::: ::::: ::::: :: ::::::::::::: : ::::
1845       TGGTGCCCTTTTGTCTGCTGGTGCGAATTTTGGTGCGACTGCGGGTTTCGGTTTTCTGGGTGCGGATCATCGTTCCTCGTATGCGTATGCGGACGTTGGGTTCCGCTTGTGCCGT

Template:  gi298480077 strand: + 2161-2364
Variable:  gi298480077 strand: + 1959-2162 alnlen 203 mutations 12 involve-A 11 involve-T 1

2161       TTTTTGACGGACTGCAAAACTCGGTGAACGGAGCAACGAAAATGGCGTTGGATTGAAAAAAATAAAAACATAACAGGGTTGTGGCGGCTGGTGCCCTTTTGTCTGCTAATGCGAATAATGGTGCGAATGCGGGTTTCGGTTATCTGAATGCGAATAATCGTTCCTCGAATGCGAATGCGAACATTGGGTTCCGCTTTTACCGT
           ::::::::::::::::::::::::::::::::::::::::::::::::::::::::::::::::::::::::::::::::::::::::::::::::::::::::::::::::::::::::::::::::::::::::::::: ::::  ::::: :::::::::::::  :::: :::::  : ::::::::::::: : ::::
1959       TTTTTGACGGACTGCAAAACTCGGTGAACGGAGCAACGAAAATGGCGTTGGATTGAAAAAAATAAAAACATAACAGGGTTGTGGCGGCTGGTGCCCTTTTGTCTGCTAATGCGAATAATGGTGCGAATGCGGGTTTCGGTTTTCTGGTTGCGACTAATCGTTCCTCGTCTGCGGATGCGTGCCTTGGGTTCCGCTTGTGCCGT

Template:  gi298480981 strand: + 2578-2669
Variable:  gi298480981 strand: + 1821-1912 alnlen 91 mutations 14 involve-A 14 involve-T 0

2578       GCTTCCAGCAGTTGGAACGTGAACTTCAACAACGGCAACGTCAACACGAACAACCGCCAGAACGCGAACCGGGTTCGTCCCCTCGCCGCAA
           :::::::::::::::: :::::::::::::  ::::  ::::  ::::: :  :::::::  ::::  :::::::::::::::::::::::
1821       GCTTCCAGCAGTTGGAGCGTGAACTTCAACGGCGGCGGCGTCGGCACGAGCGGCCGCCAGGGCGCGGGCCGGGTTCGTCCCCTCGCCGCAA

Template:  gi299067086 strand: + 2425-2517
Variable:  gi299067086 strand: + 1302-1394 alnlen 92 mutations 11 involve-A 11 involve-T 0

2425       CCGGCTGGGCTTGGTATCAGAACTTCAACAACGGCAACCAGAACAACAACCAACAGAACAACGAGTTGCGCGCCCGTGCCGTCCGCAGATTG
           :::::::::::::::::::::::::: :: :::::: ::::  :: :  :: ::::: :: :::::::::::::::::::::::::::::::
1302       CCGGCTGGGCTTGGTATCAGAACTTCTACCACGGCAGCCAGCTCAGCCGCCTACAGACCAGCGAGTTGCGCGCCCGTGCCGTCCGCAGATTG

Template:  gi299067086 strand: + 2424-2517
Variable:  gi299067086 strand: + 1784-1877 alnlen 93 mutations 15 involve-A 15 involve-T 0

2424       TCCGGCTGGGCTTGGTATCAGAACTTCAACAACGGCAACCAGAACAACAACCAACAGAACAACGAGTTGCGCGCCCGTGCCGTCCGCAGATTG
           :::::::::::::::: ::::  ::::  :::::::: ::::  : :: :::: :::  :  :::::::::::::::::::::::::::::::
1784       TCCGGCTGGGCTTGGTGTCAGGGCTTCGGCAACGGCAGCCAGCGCTACGACCATCAGCGCCTCGAGTTGCGCGCCCGTGCCGTCCGCAGATTG

Template:  gi299145828 strand: + 2606-2732
Variable:  gi299145828 strand: + 1835-1961 alnlen 126 mutations 18 involve-A 15 involve-T 0

2606       GGTACTGGAGTAGCAGTGAGAACAGTCAGAACAACAGCTGGAACGTGAACTTTAGTAATGGCAACTTCAACAACAACAACAAGTACAACAGTAACATGGTGAGAGCGGTTGCAGCACTTAACGATA
           :::::::::::::::::::::::::::::  ::::::::::  :::: :::::::::::::: :::::  :::: ::  ::::: : ::::: ::::::::::::::::::::::: :: :  :::
1835       GGTACTGGAGTAGCAGTGAGAACAGTCAGGGCAACAGCTGGGGCGTGTACTTTAGTAATGGCTACTTCGGCAACTACGGCAAGTGCCACAGTTACATGGTGAGAGCGGTTGCAGCATTTTAGTATA

Template:  gi301163046 strand: + 1971-2151
Variable:  gi301163046 strand: + 561-741 alnlen 180 mutations 17 involve-A 16 involve-T 1

1971       TTCCCTGCGTCGGGGTATCGCAACTATTCCAATGGCGGGGCGAACAACGTTGGCAGCTACGGCTACTGTTGGTCGGCGGTTCCGAACAACCAGAACAACGGTCGCAACCTGAACTTCAACTCGTCGAACGTGAACCCGTTGAACAACAACAATCGGGCGTACGGGTTTGGGGTGCGTTCT
           ::::: :::::::::::::::  :: ::::: ::::::::::  :::::::::::::::::::: ::::::::::::::::::: :::::::: :: ::::::::::::::  ::::::::::::::::::: ::::::::: ::::: : :::::::::::::::::::::::::::::
561        TTCCCAGCGTCGGGGTATCGCGTCTGTTCCACTGGCGGGGCGGCCAACGTTGGCAGCTACGGCTCCTGTTGGTCGGCGGTTCCGCACAACCAGTACTACGGTCGCAACCTGGCCTTCAACTCGTCGAACGTGTACCCGTTGAGCAACAGCGATCGGGCGTACGGGTTTGGGGTGCGTTCT

Template:  gi308273696 strand: + 2386-2526
Variable:  gi308273696 strand: + 1646-1786 alnlen 140 mutations 24 involve-A 24 involve-T 0

2386       ATGTCGTCCAATTATTGGTCGTCCACTACTAACGCTAATAACCCGGACAACGCGTGGAACGTGAATTTCAACAACGGCAACGTCAACAACAACAATAAGTCAAATAATTATTATGTGCGTGCCGTCCGCGGTGGAAAGTG
           :::::::::  :: :::::::::: ::::: :::::: : ::::::::  :::::::  :::: ::::: ::  :::: ::::: :: :: ::::::::::  ::: :: ::::::::::::::::::::::::: ::::
1646       ATGTCGTCCTTTTGTTGGTCGTCCGCTACTTACGCTAGTTACCCGGACGGCGCGTGGCTCGTGGATTTCTACCGCGGCTACGTCCACTACGACAATAAGTCCTATAGTTGTTATGTGCGTGCCGTCCGCGGTGGACAGTG

Template:  gi308273696 strand: + 2379-2533
Variable:  gi308273696 strand: + 4334-4488 alnlen 154 mutations 27 involve-A 23 involve-T 2

2379       CGGTGAAATGTCGTCCAATTATTGGTCGTCCACTACTAACGCTAATAACCCGGACAACGCGTGGAACGTGAATTTCAACAACGGCAACGTCAACAACAACAATAAGTCAAATAATTATTATGTGCGTGCCGTCCGCGGTGGAAAGTGTTCGCTG
           ::: :  ::::::::: ::::::::::::::::::::: ::::: : :::::: : ::::::::  ::::: :::: :: :::::: ::::::: ::  : :::::::   :: :::::::::::::::::::::::::::: :::: : : ::
4334       CGGGGCGATGTCGTCCTATTATTGGTCGTCCACTACTAGCGCTAGTTACCCGGCCTACGCGTGGCTCGTGAGTTTCTACTACGGCAGCGTCAACCACGGCCATAAGTCCTCTAGTTATTATGTGCGTGCCGTCCGCGGTGGACAGTGATTGGTG

Template:  gi312962032 strand: + 2292-2396
Variable:  gi312962032 strand: + 881-985 alnlen 104 mutations 11 involve-A 10 involve-T 0

2292       AGGTCGCAGCGCTCCGCCAACAACGCCTACAACATGGACTTTGAAGATGGCTGGCTCAACAACAACGACAAGAACAACGAGCGGCTCGCGCGCCCTGTCCGCAG
           :: ::::::::::::::: ::: :::::::  ::::: ::::::::::::::::::: :: :: ::: :::: :::::::::::::::::::::::::::::::
881        AGTTCGCAGCGCTCCGCCCACACCGCCTACCTCATGGCCTTTGAAGATGGCTGGCTCGACTACCACGCCAAGGACAACGAGCGGCTCGCGCGCCCTGTCCGCAG

Template:  gi312962032 strand: + 2296-2397
Variable:  gi312962032 strand: + 1601-1702 alnlen 101 mutations 11 involve-A 11 involve-T 0

2296       CGCAGCGCTCCGCCAACAACGCCTACAACATGGACTTTGAAGATGGCTGGCTCAACAACAACGACAAGAACAACGAGCGGCTCGCGCGCCCTGTCCGCAGA
           :::::::::::::: ::  :::::::: :::::::::::::: ::::::::::  ::::: :: ::::: : :::::::::::::::::::::::::::::
1601       CGCAGCGCTCCGCCGACTTCGCCTACACCATGGACTTTGAAGGTGGCTGGCTCGGCAACAGCGTCAAGAGCTACGAGCGGCTCGCGCGCCCTGTCCGCAGA

Template:  gi313113756 strand: + 2209-2335
Variable:  gi313113756 strand: + 4238-4364 alnlen 126 mutations 20 involve-A 17 involve-T 0

2209       CGCTGCCATTTGGTGGCTGCGCTCTCCGAACACCAACAATAACAACAACGTCTGGAACGTCAACACCGATGGCTCCAACAACAACAACTGGTACAACAACTCCTATGGTGTTCGCCCCGCTCTGAT
           ::::::::::::::::::::::::::::  ::::  ::::: : ::  ::::::: ::::: :::::::::::::: ::  ::::   ::::::  ::::::::::::::::::::::::: : ::
4238       CGCTGCCATTTGGTGGCTGCGCTCTCCGCTCACCGGCAATAGCGACGGCGTCTGGTACGTCGACACCGATGGCTCCTACTTCAACTCTTGGTACCTCAACTCCTATGGTGTTCGCCCCGCTTTCAT

Template:  gi313147618 strand: + 2203-2318
Variable:  gi313147618 strand: + 2010-2125 alnlen 115 mutations 16 involve-A 16 involve-T 0

2203       GGGGTGTGTTGTTCAGCGGTTCTTCGAATAATGGTGCGAATGCAGGTGTCAGCTACTCGAATACGAATAATACGGCGTCGAATACGAATGCGAATATCGGTTCTCAGCTATGCTT
           :::::::::::::: :::::::::::: : :::::::: :::: :::::: ::: ::::  :::: ::: ::::::::::: :::: :::::::: ::::::::: ::: :::::
2010       GGGGTGTGTTGTTCGGCGGTTCTTCGATTTATGGTGCGTATGCGGGTGTCGGCTGCTCGCTTACGCATAGTACGGCGTCGAGTACGTATGCGAATGTCGGTTCTCGGCTTTGCTT

Template:  gi313147952 strand: + 2209-2329
Variable:  gi313147952 strand: + 1852-1972 alnlen 120 mutations 15 involve-A 15 involve-T 0

2209       CTTCGTGTGCGCCTCTCCGGTGCTAACGCTAACAATGGCACGAATGCAGGGGCGTTTGCTACGAATACGAACAATGCAGCCTCGAATTCGAATGCGAATGTGTCCGCTCCCCTATACTTT
           ::::::::::::::::::::::::  :::: ::: :::: ::::::: ::::::::::::::: ::::: :: :::: :::::: :::::: ::::: ::::::::::::::: : ::::
1852       CTTCGTGTGCGCCTCTCCGGTGCTGGCGCTTACAGTGGCGCGAATGCGGGGGCGTTTGCTACGTATACGGACGATGCGGCCTCGGATTCGAGTGCGAGTGTGTCCGCTCCCCTCTGCTTT

Template:  gi317498222 strand: + 1944-2052
Variable:  gi317498222 strand: + 1680-1788 alnlen 108 mutations 9 involve-A 9 involve-T 0

1944       GGTGGTGCTCTCTGGCGGGAACGTGAGCAATGGCGCGGATGCGGGGCCGTTTAACCGGCGCTGTCTCAGTGGCGCTGGTTATTCGAACTGGAACTACTCCGGTCGCCC
           :::::::::::::::::::  :::: ::: :::::::: :::::::::::::: ::::::::::::: ::::::::::::::::: ::::: ::::::::::::::::
1680       GGTGGTGCTCTCTGGCGGGGGCGTGGGCATTGGCGCGGTTGCGGGGCCGTTTAGCCGGCGCTGTCTCGGTGGCGCTGGTTATTCGTACTGGCACTACTCCGGTCGCCC

Template:  gi319764254 strand: + 2419-2517
Variable:  gi319764254 strand: + 1675-1773 alnlen 98 mutations 11 involve-A 11 involve-T 0

2419       CGCAGTACTCGGCCAACAACGCCTGGTGCCAGGACTTCGAGAACGGCAACAGCAACACCAACAACAAGGACAACGAGTTCCGTGCGGTCCCCCTCCGC
           ::::::::::::::  :: :::::::::::::::::::::: ::::: :::::  : :::::  ::::::: ::::::::::::::::::::::::::
1675       CGCAGTACTCGGCCCTCAGCGCCTGGTGCCAGGACTTCGAGTACGGCTACAGCGGCCCCAACCTCAAGGACTACGAGTTCCGTGCGGTCCCCCTCCGC

Template:  gi322688997 strand: + 2252-2354
Variable:  gi322688997 strand: + 2005-2107 alnlen 102 mutations 12 involve-A 12 involve-T 0

2252       TTGCAGCGCGGTGGCAATCTCAGGGACGGCTCGCACTGCGGGTTGTTCAACGCGAACGGCAGGAACGACCTCTCGAACGCGTGGTGGAACTGCGGCGGTCGC
           :::: :::::::::: :::::::::::::::::: :::::::::::::  :::: ::::: :: ::: ::::::: :::::::::::  :::::::::::::
2005       TTGCGGCGCGGTGGCGATCTCAGGGACGGCTCGCGCTGCGGGTTGTTCGCCGCGGACGGCTGGGACGGCCTCTCGGACGCGTGGTGGGCCTGCGGCGGTCGC

Template:  gi323485151 strand: + 2302-2391
Variable:  gi323485151 strand: + 1173-1262 alnlen 89 mutations 11 involve-A 10 involve-T 1

2302       CGTCGTTTCTTCGGCTAACTTTGCCAATGTGAACAACAATGGCAATACGAACTACAACAACGCTTCGAACTCTAATGGAGTTCGTCCGG
           ::::::::::::::::  :: :::: ::::: :::::  :::: :: ::::::::: :::::::::: :::::::::::::::::::::
1173       CGTCGTTTCTTCGGCTTTCTGTGCCGATGTGGACAACTTTGGCGATCCGAACTACAGCAACGCTTCGTACTCTAATGGAGTTCGTCCGG

Template:  gi323485235 strand: + 2206-2328
Variable:  gi323485235 strand: + 1978-2100 alnlen 122 mutations 27 involve-A 23 involve-T 1

2206       TGTCACTAAATTAGGTGCTAATTGGAATAATGGCTTGAATACCAGTGCTTTCTATTGGAATCTGAATAATGTTTCTTCTAATCGTAATCGGAATATCAGCAGTCAGTTAGTAAATGCACAAA
           :::: ::  ::: ::::::: :::: :: ::::::::::: :: :::: :::: ::::  :::: :: ::::::::::::::::: :::::  :::: :: ::: ::: ::  ::  : :::
1978       TGTCGCTGTATTGGGTGCTAGTTGGTATTATGGCTTGAATGCCGGTGCATTCTGTTGGGTTCTGTATTATGTTTCTTCTAATCGTTATCGGGGTATCGGCGGTCGGTTGGTGTATCGAAAAA

Template:  gi323486088 strand: + 2231-2346
Variable:  gi323486088 strand: + 1600-1715 alnlen 115 mutations 15 involve-A 15 involve-T 0

2231       GCGTTTGCCGATTTGCGGGGGCAACTGGAACAATGGTGCCAACGCTGGTGTCTTCAACTTGAACCTCAACAATCCCCGCTCCAATGCGAACTGGAACATCGGTTTCCGCTCCGCT
           :::::::::: :::::::::::: ::::  :: :::::::: :::::::::::::  ::::::::::: : ::::::::::: :::::  ::::  :::::::::::::::::::
1600       GCGTTTGCCGGTTTGCGGGGGCAGCTGGGGCAGTGGTGCCAGCGCTGGTGTCTTCGGCTTGAACCTCAGCGATCCCCGCTCCGATGCGGGCTGGTCCATCGGTTTCCGCTCCGCT

Template:  gi323691302 strand: + 2248-2364
Variable:  gi323691302 strand: + 1906-2022 alnlen 116 mutations 14 involve-A 13 involve-T 0

2248       TTGCCCTGTTCGGTGGCAACCGTAGCAACGGGTCGAAGTGCGGTTTGTCGTACTGGAATGTGAACAACCCTGCGACGAACGTGAACACGAACATCGTGGCGAGCCAATCTTATCAA
           ::::::::::::::::: :::::::: :::::::::::::::::::::::::::::  ::::: :: ::::::: ::: ::::: :::: :::::::::::::::  :::: : ::
1906       TTGCCCTGTTCGGTGGCGACCGTAGCGACGGGTCGAAGTGCGGTTTGTCGTACTGGGGTGTGAGCAGCCCTGCGGCGATCGTGAGCACGTACATCGTGGCGAGCCTTTCTTGTAAA

Template:  gi325279507 strand: + 2225-2347
Variable:  gi325279507 strand: + 1868-1990 alnlen 122 mutations 13 involve-A 13 involve-T 0

2225       GGCTTCGTGTCCGCCTCTCCGGTGCTAACGCTAACAATGGCACGAATGCAGGGGCGTTTGCTACGAATACGAACAATGCAGCCTCGAATTCGAATGCGAATGTGTCCGCTCCCCTATACTTT
           ::::::::::::::::::::::::::: :::: ::: :::: ::  ::: :::::::::::::::::: ::::: ::::::::::: ::::: :::::::::::::::::::::: : ::::
1868       GGCTTCGTGTCCGCCTCTCCGGTGCTAGCGCTTACAGTGGCGCGTCTGCGGGGGCGTTTGCTACGAATGCGAACGATGCAGCCTCGTATTCGTATGCGAATGTGTCCGCTCCCCTCTGCTTT

Template:  gi331088842 strand: + 2125-2254
Variable:  gi331088842 strand: + 1822-1951 alnlen 129 mutations 26 involve-A 25 involve-T 1

2125       CGTGTTGCTAAATTAGGTGGTAAATGGAATAATGGCTCTAATTGTGGAGCATGGTATCTTAATTGGAATAATACCTCCTCTAATCGCAATCGGAATATCAGCAGTCACTTACTATATGTGCATAAAACA
           ::::::::::  :: ::::::  :::: :: ::::::::  :::::: ::::::: :::: ::::::::  : :::::::::::::: ::::: :: :: :: ::: ::: :: :::::::   :::::
1822       CGTGTTGCTAGGTTGGGTGGTGGATGGGATTATGGCTCTGTTTGTGGGGCATGGTGTCTTTATTGGAATGGTGCCTCCTCTAATCGCTATCGGTATGTCGGCGGTCGCTTGCTGTATGTGCCGCAAACA

Template:  gi331089069 strand: + 2234-2342
Variable:  gi331089069 strand: + 1432-1540 alnlen 108 mutations 14 involve-A 11 involve-T 1

2234       GTTGAGTGCTGTGGTGTCGGCGGCGGCGTTTGCTAATTGTAACAATAATGGTAATAGTAATAATAACAACGCCGCCGGGGATGGTGGAGTCCGCCCGATTTCGTGTAT
           :::::::::::::::::::::::::::::::::: ::::::::  :::::::  ::::: :: :  :: ::::::::::::::::::::::::::::  ::  :::::
1432       GTTGAGTGCTGTGGTGTCGGCGGCGGCGTTTGCTCATTGTAACGGTAATGGTCTTAGTAGTATTGGCAGCGCCGCCGGGGATGGTGGAGTCCGCCCGTATTTCTGTAT

Template:  gi332533803 strand: + 2514-2629
Variable:  gi332533803 strand: + 1968-2083 alnlen 115 mutations 10 involve-A 10 involve-T 0

2514       TCGATTCCCGCTACGTGGCGGCAACTGGAACAATGGCTCGAACGCTGGGCTGGGCGCGCTCAATCTGAACAATGCGCGTTCGAATGCGAACAGTAATATCGGTTTTCGTCCCGCT
           ::::::::::::::::::::::  ::::::: ::::::::::::::::::::::::::::: :::::: : ::::::::::: :::::::::::  : :::::::::::::::::
1968       TCGATTCCCGCTACGTGGCGGCGTCTGGAACTATGGCTCGAACGCTGGGCTGGGCGCGCTCGATCTGAGCTATGCGCGTTCGTATGCGAACAGTGCTTTCGGTTTTCGTCCCGCT

Template:  gi332534155 strand: + 2512-2629
Variable:  gi332534155 strand: + 1950-2067 alnlen 117 mutations 16 involve-A 16 involve-T 0

2512       GAGCGTATGCCGTATCGCGGTGGCAATTGGAACAACACGTCCAATGCTGGGCTTGGAGCGCTCAACTTCAACAACTCACGCACGAATGCGAACAGCAATATTGGTTTCCGTCCAGCT
           :::::: :::::: ::::::::::::::::: ::::::::::  :::::::::::::::::::  :::: ::::::: ::::::  ::::  ::::  : :::::::::::::::::
1950       GAGCGTCTGCCGTCTCGCGGTGGCAATTGGAGCAACACGTCCGCTGCTGGGCTTGGAGCGCTCTTCTTCCACAACTCTCGCACGGGTGCGGGCAGCTCTCTTGGTTTCCGTCCAGCT

Template:  gi332666264 strand: + 3509-3631
Variable:  gi332666264 strand: + 1342-1464 alnlen 122 mutations 22 involve-A 21 involve-T 0

3509       AGGCTCCAACCGTGTTAACCGTGGCGGATCGTGGAACAACAACCCGATCAACGCGCGCGTGGCCAATCGCAACAACAACACGCCGGATAACCGCAACAATAATATCGGTTTTCGCCTAGCCA
           :::::::  :::::::  ::::::::::::::::  : :: ::::: ::: ::::::::::::: ::::: :: ::  ::::::::::  :::: :: ::  :::::::::::: :::::::
1342       AGGCTCCCTCCGTGTTCGCCGTGGCGGATCGTGGTTCTACTACCCGTTCAGCGCGCGCGTGGCCGATCGCTACGACGTCACGCCGGATCGCCGCGACGATGGTATCGGTTTTCGTCTAGCCA

Template:  gi332707562 strand: + 4372-4470
Variable:  gi332707562 strand: + 457-555 alnlen 98 mutations 11 involve-A 10 involve-T 0

4372       TAATGGGTAATGGGTAATGGGTAATGGGTAATAGGTAATAGGTAATAGGTAATAGGTAATAGGTAATAGGTAATAGGTAATAGGTAATAGGTAATAGG
           :::: :::::::::: ::::::::::::::::::::::: :::::: :::::: :::::: :::::: ::: :: ::: :: ::::::::::::::::
457        TAATAGGTAATGGGTGATGGGTAATGGGTAATAGGTAATGGGTAATGGGTAATGGGTAATGGGTAATGGGTGATGGGTGATGGGTAATAGGTAATAGG

Template:  gi336402102 strand: + 2175-2287
Variable:  gi336402102 strand: + 1891-2003 alnlen 112 mutations 10 involve-A 10 involve-T 0

2175       CTCGTGTGGTGTATCGGTCGAACAACAACGCGAACGCGTTAGGCGGTGTTTCGTATGCGAACGCGAATAACGATTCATCGAACACGAATGCGAACATCGGCGTTCGGCTTGC
           :::::::::::::::::::: :: :: ::::::::::::::::::::::::::: ::::::::::: : :::::::::::  :::: ::::: :::::::::::::::::::
1891       CTCGTGTGGTGTATCGGTCGTACTACTACGCGAACGCGTTAGGCGGTGTTTCGTGTGCGAACGCGAGTTACGATTCATCGTTCACGTATGCGTACATCGGCGTTCGGCTTGC

Template:  gi336410996 strand: + 2225-2346
Variable:  gi336410996 strand: + 1859-1980 alnlen 121 mutations 12 involve-A 12 involve-T 0

2225       GTCTTCGTGTCCGCCTCTCCGGTGCTAACGCTAACAATGGCACGAATGCAGGGGCGTTTGCTACGAATACGAACAATGCAGCCTCGAATTCGAATGCGAATGTGTCCGCTCCCCTATACTT
           :::::::::::::::::::::::::: :::::::: ::::: :: :::: :::::::::::: ::::::::  : ::::::::::: :::::::::::::::::::::::::::: : :::
1859       GTCTTCGTGTCCGCCTCTCCGGTGCTGACGCTAACTATGGCGCGTATGCGGGGGCGTTTGCTGCGAATACGTTCGATGCAGCCTCGCATTCGAATGCGAATGTGTCCGCTCCCCTCTGCTT

Template:  gi336413450 strand: + 2234-2346
Variable:  gi336413450 strand: + 1950-2062 alnlen 112 mutations 14 involve-A 14 involve-T 0

2234       CTCGTGTGGTGTATCGGTCGAACAACAACGCGAACGCGTTAGGCGGTGTTTCGTATGCGAACGCGAATAACGATTCATCGAACACGAATGCGAACATCGGTGTTCGGCTTGC
           :::::::::::::::::::: ::: : :::::: :::::: ::::::::::::: ::::  ::::: : :::::::::::: ::::  :::: :::::::::::::::::::
1950       CTCGTGTGGTGTATCGGTCGTACAGCTACGCGAGCGCGTTGGGCGGTGTTTCGTGTGCGGGCGCGAGTCACGATTCATCGATCACGGGTGCGTACATCGGTGTTCGGCTTGC

Template:  gi336433792 strand: + 2299-2381
Variable:  gi336433792 strand: + 1710-1792 alnlen 82 mutations 10 involve-A 10 involve-T 0

2299       CTTCCTATGTTCAGATTGTTAACAGTAATGGTAACGTGAACTACAACGATTGCAATTGGAACGATTATGGAGTTCGTCCGTT
           :::::::::::::: ::::: :: ::  :::: ::::: ::: :::::::::::::::: ::: ::::::::::::::::::
1710       CTTCCTATGTTCAGGTTGTTGACTGTGGTGGTTACGTGGACTGCAACGATTGCAATTGGGACGGTTATGGAGTTCGTCCGTT

Template:  gi336435571 strand: + 2331-2396
Variable:  gi336435571 strand: + 1202-1267 alnlen 65 mutations 9 involve-A 9 involve-T 0

2331       CCGTTGTTTCGCCGTCTGGTAACATCAACAACAGGAACTACAACAACCAGAACGGTGTTCGCCCA
           ::::::::::::::::::::: :::: :: :: :: ::: : ::::::::  :::::::::::::
1202       CCGTTGTTTCGCCGTCTGGTAGCATCCACTACTGGGACTTCGACAACCAGTTCGGTGTTCGCCCA

Template:  gi336435571 strand: + 2331-2404
Variable:  gi336435571 strand: + 1824-1897 alnlen 73 mutations 15 involve-A 13 involve-T 1

2331       CCGTTGTTTCGCCGTCTGGTAACATCAACAACAGGAACTACAACAACCAGAACGGTGTTCGCCCAACTTGTAT
           ::::::::::::::::::::  :::::::  ::::  :: :  :: ::::  :::::::::::::  ::: ::
1824       CCGTTGTTTCGCCGTCTGGTTTCATCAACCGCAGGTTCTGCTTCATCCAGTTCGGTGTTCGCCCAGTTTGCAT

Template:  gi338999650 strand: + 2228-2348
Variable:  gi338999650 strand: + 1645-1765 alnlen 120 mutations 15 involve-A 13 involve-T 0

2228       CGCTTCCCGATCCGTGGCGGCAACCGCAACAACGGTGCCAACGCTGGCTTGGCCGCGCTGAATCTCAACAATGCGCGCTCCAACTCGAATACGAATATCGGGCTGCGGCTCTCGCGCTTG
           ::::::::: ::::::::::: :::::: :: ::::::: ::::::: ::::::::::::  ::::: :: ::::::::::: ::::::: :: :: ::::::::::::::::::: :::
1645       CGCTTCCCGCTCCGTGGCGGCTACCGCAGCACCGGTGCCTACGCTGGTTTGGCCGCGCTGTTTCTCATCATTGCGCGCTCCAGCTCGAATGCGTATCTCGGGCTGCGGCTCTCGCGTTTG

Template:  gi340788559 strand: + 2665-2773
Variable:  gi340788559 strand: + 933-1041 alnlen 108 mutations 8 involve-A 8 involve-T 0

2665       CGCAGAACGCCGCCAACCCCGACTATGCATGGATGCAGAACTTCAACAATGGCAACCAGAACAACAACCACAAGTCGAATGAGTACAGAGCTCGTGCTGTCCGCAGAT
           ::::: ::::::::  :::::::::::::::::::::: ::::: :::::::: ::::: ::::::::: ::::::::::::::::::::::::::::::::::::::
933        CGCAGGACGCCGCCCTCCCCGACTATGCATGGATGCAGTACTTCGACAATGGCTACCAGGACAACAACCGCAAGTCGAATGAGTACAGAGCTCGTGCTGTCCGCAGAT

Template:  gi340788559 strand: + 2665-2773
Variable:  gi340788559 strand: + 1514-1622 alnlen 108 mutations 16 involve-A 16 involve-T 0

2665       CGCAGAACGCCGCCAACCCCGACTATGCATGGATGCAGAACTTCAACAATGGCAACCAGAACAACAACCACAAGTCGAATGAGTACAGAGCTCGTGCTGTCCGCAGAT
           :::::  ::::::: ::::::::: ::::::: ::::: :::::  : :::::::::::  : ::  ::::::::::  :::::::::::::::::::::::::::::
1514       CGCAGGGCGCCGCCTACCCCGACTTTGCATGGGTGCAGTACTTCGTCCATGGCAACCAGCTCGACGGCCACAAGTCGGTTGAGTACAGAGCTCGTGCTGTCCGCAGAT

Template:  gi341642641 strand: + 2243-2362
Variable:  gi341642641 strand: + 1698-1817 alnlen 119 mutations 9 involve-A 9 involve-T 0

2243       TGCTGTGCTATTGGGCGCGAACTGGGACAACTCTGGCTTCGCTGGGGCTCGCGCGTCGAACTGGAACAACGAGCCGTGGAACTCGAACGACAATGTGGGCGCTCGCGGCCTCTGTGACC
           :::::::::::::::::::::::::: :::::::::::::::::::::::::::::::: ::::  :::::::::::::  ::::  ::::: ::::::::::::::::::::::::::
1698       TGCTGTGCTATTGGGCGCGAACTGGGGCAACTCTGGCTTCGCTGGGGCTCGCGCGTCGAGCTGGGGCAACGAGCCGTGGGGCTCGGGCGACAGTGTGGGCGCTCGCGGCCTCTGTGACC

Template:  gi345871758 strand: + 3574-3690
Variable:  gi345871758 strand: + 4520-4636 alnlen 116 mutations 16 involve-A 16 involve-T 0

3574       CCGCGTGCTGCGCGGCGGTTCGTGGAACAACAACGGGCGCAACCTGCGCTCGGCGTATCGCAACCACAACGCGCCGGACAACCGCAACGACAACATCGGCCTGCGTCTTGCCGGAG
           :::::::::::::::::::::::::: :  :  :::::::  :::::::::::::::::::  :: :: ::::::::::: ::::  ::::  :::::::::::::::::::::::
4520       CCGCGTGCTGCGCGGCGGTTCGTGGAGCGTCGGCGGGCGCCTCCTGCGCTCGGCGTATCGCCGCCGCAGCGCGCCGGACAGCCGCTTCGACTTCATCGGCCTGCGTCTTGCCGGAG

Template:  gi345883525 strand: + 2199-2312
Variable:  gi345883525 strand: + 1976-2089 alnlen 113 mutations 8 involve-A 7 involve-T 0

2199       AGCCGTGTTGTCGGGCGTTCGGATAACAGTGCGAATGCGAATGGCGGTCTCGTCTTTGCGAATGCGAATAACGCATCATCGCAGTCGAACTCGAACGTCGGTTCTCGGCTTGC
           ::::::::::::::::::::: :: :: ::::: :::::::::::::::::::::::::: ::::::::  :::::::::::::::: :::::::::::::::::::::::::
1976       AGCCGTGTTGTCGGGCGTTCGAATTACGGTGCGTATGCGAATGGCGGTCTCGTCTTTGCGTATGCGAATTTCGCATCATCGCAGTCGTACTCGAACGTCGGTTCTCGGCTTGC

Template:  gi345893474 strand: + 2230-2337
Variable:  gi345893474 strand: + 454-561 alnlen 107 mutations 7 involve-A 7 involve-T 0

2230       TACTCCGGCGGCAATTGGGGCAACGGCTCCACTGCGGGCGTGTTCCTCGTCAACTTCAACAATACGGCGTCGAACCTGAACGCGAACATCGGTTGCCGCCTCGCAAA
           :::::::::::: :::::::: ::::::::::::::::::::::::::::: :::::  :: ::::::::::::::::: :::::::::::::::::::::::::::
454        TACTCCGGCGGCTATTGGGGCGACGGCTCCACTGCGGGCGTGTTCCTCGTCGACTTCGGCAGTACGGCGTCGAACCTGAGCGCGAACATCGGTTGCCGCCTCGCAAA

Template:  gi348026361 strand: + 2103-2218
Variable:  gi348026361 strand: + 1540-1655 alnlen 115 mutations 14 involve-A 13 involve-T 0

2103       CGGCTCCCGATCGCTGGCGGCAATTGGAACAACGGTTCGAACGCGGGAGTTTTCGCGCTGAACGTCAATAACCGTCGGTCGAACGCGAACGGCAACATCGGGTTCCGCTCCGCTT
           ::::::::::::::::::::: :::::  :::::::::: :::::::::::::::::::: :::::  :  :: :::::::  :::: ::::: :::::::::::::::::::::
1540       CGGCTCCCGATCGCTGGCGGCGATTGGCTCAACGGTTCGGACGCGGGAGTTTTCGCGCTGTACGTCTCTCGCCATCGGTCGTTCGCGTACGGCGACATCGGGTTCCGCTCCGCTT

Template:  gi350551816 strand: + 2429-2505
Variable:  gi350551816 strand: + 1622-1698 alnlen 76 mutations 12 involve-A 12 involve-T 0

2429       TTGGTTTTGGTCGTCTTCGCCCAATGCCAATAATAGTAACCATGCGTGGAACGTGAACTTCAATAACGGTCATGTC
           :::::::::::::::::::::: :::::  :: ::::  ::::::::::  ::::  ::::: :::::::: ::::
1622       TTGGTTTTGGTCGTCTTCGCCCTATGCCGGTAGTAGTGTCCATGCGTGGCTCGTGGGCTTCAGTAACGGTCGTGTC

Template:  gi350551816 strand: + 2426-2560
Variable:  gi350551816 strand: + 4514-4648 alnlen 134 mutations 23 involve-A 21 involve-T 1

2426       GGGTTGGTTTTGGTCGTCTTCGCCCAATGCCAATAATAGTAACCATGCGTGGAACGTGAACTTCAATAACGGTCATGTCAACAATAACAACAAGAACAATACAAACCGGGTGCGTCTCGTTCGCGCGCGAGAGT
           ::::::::::::::::::::::::: ::::::::::: ::  :: ::::::: ::::: ::::: :: :::::: ::::::: :  ::  ::::  : :: :   ::::::::::::::::::::::::: :::
4514       GGGTTGGTTTTGGTCGTCTTCGCCCTATGCCAATAATGGTGGCCGTGCGTGGTACGTGTACTTCCATTACGGTCTTGTCAACCACTACTCCAAGGGCTATGCCGTCCGGGTGCGTCTCGTTCGCGCGCGACAGT

Template:  gi355363092 strand: + 3541-3659
Variable:  gi355363092 strand: + 1808-1926 alnlen 118 mutations 12 involve-A 10 involve-T 1

3541       CGTCTGTCGCGGCGGTTCCTGGATCAACAACGGGAGGAACCTGCGTTCCGCTTACCGCAACAACAGGCACCATGCTGATCTCAACGACAACAACGGCCTGCGTCTTGCCCGAATTCCT
           ::::::::::::::::::::::::::::  ::::::: :::::::::::::::::::: ::  ::::: :: ::::::::::: ::::::::::::: ::::::::::::::  ::::
1808       CGTCTGTCGCGGCGGTTCCTGGATCAACCTCGGGAGGTACCTGCGTTCCGCTTACCGCTACTTCAGGCCCCTTGCTGATCTCATCGACAACAACGGCTTGCGTCTTGCCCGAGGTCCT

Template:  gi355363092 strand: + 3541-3660
Variable:  gi355363092 strand: + 4513-4632 alnlen 119 mutations 17 involve-A 16 involve-T 1

3541       CGTCTGTCGCGGCGGTTCCTGGATCAACAACGGGAGGAACCTGCGTTCCGCTTACCGCAACAACAGGCACCATGCTGATCTCAACGACAACAACGGCCTGCGTCTTGCCCGAATTCCTC
           :::::::::::::::::::::: ::  : ::::::::  :::::::::::::: ::::  :: ::::: ::::::::::::::::: :  :: :::::::::::::::::::  :::::
4513       CGTCTGTCGCGGCGGTTCCTGGGTCGCCTACGGGAGGGCCCTGCGTTCCGCTTGCCGCCGCAGCAGGCCCCATGCTGATCTCAACGCCGGCAGCGGCCTGCGTCTTGCCCGAGGTCCTC

Template:  gi355386195 strand: + 2297-2384
Variable:  gi355386195 strand: + 1709-1796 alnlen 87 mutations 14 involve-A 13 involve-T 0

2297       GGCTTCTTACATCCAGTATGTCAACTCCAACGGCAACGTGAACTACAACGACTGTGGTTGGAACGATAGGGGTGTTCGCCCGTTCTG
           :::::::: : ::: :: ::::  :::: ::::: :::::: ::::  ::::::::::::: ::: :::::::::::::::::: ::
1709       GGCTTCTTGCGTCCGGTGTGTCCGCTCCGACGGCTACGTGAGCTACCGCGACTGTGGTTGGGACGTTAGGGGTGTTCGCCCGTTTTG

Template:  gi355625064 strand: + 2220-2332
Variable:  gi355625064 strand: + 1962-2074 alnlen 112 mutations 11 involve-A 10 involve-T 1

2220       CGGCGGTTTCGCTACGGTTCGGCAATTGCAATGACGGTCTTAATGACGGCCTCTGGGCCCGCACACTGAACAATGTGGCTGCTAACGCCTGGTGGAACTACGGCGCGTCCTT
           ::::::::::::::::::::::::::::: :::::::::::  ::::::::::::::::::: :::::  :: :::::::::: ::::: ::::: ::: ::::::::::::
1962       CGGCGGTTTCGCTACGGTTCGGCAATTGCCATGACGGTCTTGGTGACGGCCTCTGGGCCCGCGCACTGCGCATTGTGGCTGCTGACGCCGGGTGGTACTTCGGCGCGTCCTT

Template:  gi355629964 strand: + 2104-2174
Variable:  gi355629964 strand: + 1524-1594 alnlen 70 mutations 14 involve-A 12 involve-T 2

2104       GCGCTGCGTGTATCGCGGGGGCAACTGGAACAACGGTGCGAACGCTGGTGTGTTCTACCTCAACGGCAAC
           ::::::::::: :::::::::: :::::  :  :::::::  ::: :::::::::  ::::  :::: ::
1524       GCGCTGCGTGTTTCGCGGGGGCTACTGGGGCCCCGGTGCGCGCGCGGGTGTGTTCGCCCTCGGCGGCTAC

Template:  gi41179367 strand: + 2222-2356
Variable:  gi41179367 strand: + 1666-1800 alnlen 134 mutations 22 involve-A 18 involve-T 1

2222       CGCTGCTGCGCTATTCGGCGGCAACTGGAACAACACGTCGAACTCGGGTTCTCGCGCTGCGAACTGGAACAACGGGCCGTCGAACTCGAACGCGAACATCGGGGCGCGCGGCGTCTGTGCCCATCACCTTCTTG
           ::::::::::::::::::::::  :::::::  :::::::  :::::::::::::::::::  :::: ::: ::::::::::  ::::  ::::  : ::::::::::::::::::::: ::: :   ::::::
1666       CGCTGCTGCGCTATTCGGCGGCGCCTGGAACGGCACGTCGCTCTCGGGTTCTCGCGCTGCGCTCTGGTACAGCGGGCCGTCGTTCTCGTTCGCGTTCTTCGGGGCGCGCGGCGTCTGTGACCACCTGATTCTTG

Template:  gi42527768 strand: + 1792-1928
Variable:  gi42527768 strand: + 1458-1594 alnlen 136 mutations 26 involve-A 23 involve-T 3

1792       CCGCGTCAGGCTCTAACCGTGTTAAACGCGGCGGCAGCTGGAACAACAACGCGAACAACTGCACTGTAGGCAAACGGAATAACAACAGTCCTGACAACAGGAACAACAATCTTGGCTTCCGCTTGGCTTGTCGGCC
           ::::::::::::::  :::::::  ::::::::::::::::  :  :: :::: :: ::::: :::::::: :::::   :::: :::::::: :  ::::  :: : :::::::::::::: ::::::: :::::
1458       CCGCGTCAGGCTCTGGCCGTGTTTTACGCGGCGGCAGCTGGGCCGGCAGCGCGGACTACTGCGCTGTAGGCGAACGGGTCAACATCAGTCCTGGCGTCAGGTGCAGCGATCTTGGCTTCCGCCTGGCTTGCCGGCC

Template:  gi71065017 strand: + 2269-2386
Variable:  gi71065017 strand: + 1701-1818 alnlen 117 mutations 16 involve-A 16 involve-T 0

2269       ATATGTGCCCGATTGTGGGCGGCAACTGGAACAACAGCGCGAATGCTGGGGTCTGGACAGTCAATTGCAACAATTCTCGGACGAACAGCAACAACAACATCGGTGTCCGGGCGGACT
           :: ::::::::::::::::::::::::::: : :: ::::: :::::::::::::: ::::: ::::: ::  ::::::::::::: :: :: :: :: ::::::::::::::: ::
1701       ATTTGTGCCCGATTGTGGGCGGCAACTGGAGCTACGGCGCGTATGCTGGGGTCTGGGCAGTCCATTGCTACTTTTCTCGGACGAACGGCGACCACCACTTCGGTGTCCGGGCGGCCT

Template:  gi83310593 strand: + 2697-2788
Variable:  gi83310593 strand: + 1381-1472 alnlen 91 mutations 16 involve-A 15 involve-T 0

2697       CCGGCTACGCCTGGCTGCAGAACTTCAACAACGGCAACCAGAACAACAACAACAAGAACAACAGAAACCGGGTCCGAGCCGTCCGCACATG
           :::::::::::::::::::: :::::  : ::::: ::::: ::  : ::  :::: ::  ::::: :::::::::::::::::::: :::
1381       CCGGCTACGCCTGGCTGCAGGACTTCGGCGACGGCCACCAGGACTTCTACGGCAAGGACTTCAGAACCCGGGTCCGAGCCGTCCGCAAATG

Template:  gi83310593 strand: + 2696-2788
Variable:  gi83310593 strand: + 1986-2078 alnlen 92 mutations 18 involve-A 16 involve-T 0

2696       TCCGGCTACGCCTGGCTGCAGAACTTCAACAACGGCAACCAGAACAACAACAACAAGAACAACAGAAACCGGGTCCGAGCCGTCCGCACATG
           ::::::: ::::::::::::: ::::: :: ::::: ::::: ::  :: :  :::::    :::  ::::::::::::::::::::: :::
1986       TCCGGCTCCGCCTGGCTGCAGTACTTCTACTACGGCTACCAGGACGGCAGCGCCAAGAGTTTCAGTTACCGGGTCCGAGCCGTCCGCAAATG

Total tr-vr pair: 145
