Input-seq: ../data/hv_29.fa
Putative RT: gi|377805758|gb|JQ680349.1|	gi|299145828|ref|ZP_07038896.1|	98.504	468	7	0	39665	38262	6	473	0.0	856
Putative RT: gi|377805785|gb|JQ680350.1|	gi|160938970|ref|ZP_02086321.1|	79.130	345	72	0	17285	16251	1	345	0.0	575
Putative RT: gi|377805826|gb|JQ680351.1|	gi|336413450|ref|ZP_08593802.1|	98.670	451	6	0	23135	24487	1	451	0.0	841
Putative RT: gi|377805855|gb|JQ680352.1|	gi|229815313|ref|ZP_04445648.1|	36.599	347	215	2	7642	6608	33	376	2.34e-68	230
Putative RT: gi|377805862|gb|JQ680353.1|	gi|167758195|ref|ZP_02430322.1|	65.584	308	106	0	13769	12846	1	308	4.70e-136	422
Putative RT: gi|377805877|gb|JQ680354.1|	gi|332655364|ref|ZP_08421103.1|	51.351	333	159	1	46385	45396	1	333	2.36e-114	363
Putative RT: gi|377805936|gb|JQ680355.1|	gi|257440840|ref|ZP_05616595.1|	99.281	417	3	0	3562	2312	1	417	0.0	765
Putative RT: gi|377805941|gb|JQ680356.1|	gi|167758195|ref|ZP_02430322.1|	65.584	308	106	0	38577	37654	1	308	9.83e-136	422
Putative RT: gi|377805967|gb|JQ680357.1|	gi|291522399|emb|CBK80692.1|	93.541	418	27	0	2951	1698	1	418	0.0	793
Putative RT: gi|377806003|gb|JQ680358.1|	gi|160938970|ref|ZP_02086321.1|	76.522	345	81	0	5893	6927	1	345	0.0	553
Putative RT: gi|377806015|gb|JQ680359.1|	gi|299145828|ref|ZP_07038896.1|	91.592	333	8	1	4344	5342	6	318	0.0	561
Putative RT: gi|377806018|gb|JQ680360.1|	gi|150390313|ref|YP_001320362.1|	58.651	341	141	0	6194	5172	7	347	6.22e-116	368
Putative RT: gi|377806060|gb|JQ680361.1|	gi|323691302|ref|ZP_08105577.1|	98.380	432	7	0	21555	20260	1	432	0.0	838
Putative RT: gi|377806090|gb|JQ680362.1|	gi|323485235|ref|ZP_08090585.1|	99.495	396	2	0	4745	3558	1	396	0.0	781
Putative RT: gi|377806097|gb|JQ680363.1|	gi|265750836|ref|ZP_06086899.1|	100.000	434	0	0	4090	2789	1	434	0.0	888
Putative RT: gi|377806107|gb|JQ680364.1|	gi|323485235|ref|ZP_08090585.1|	99.495	396	2	0	11914	13101	1	396	0.0	781
Putative RT: gi|377806133|gb|JQ680365.1|	gi|332654472|ref|ZP_08420215.1|	98.345	423	7	0	32939	34207	1	423	0.0	746
Putative RT: gi|377806170|gb|JQ680366.1|	gi|150390313|ref|YP_001320362.1|	60.756	344	135	0	8587	7556	7	350	1.45e-128	402
Putative RT: gi|377806186|gb|JQ680367.1|	gi|139439157|ref|ZP_01772609.1|	46.855	318	169	0	42939	43892	2	319	3.78e-93	303
Putative RT: gi|377806226|gb|JQ680368.1|	gi|313113756|ref|ZP_07799330.1|	99.267	409	3	0	26846	25620	1	409	0.0	811
Putative RT: gi|377806251|gb|JQ680369.1|	gi|298480077|ref|ZP_06998276.1|	99.745	392	1	0	3715	4890	1	392	0.0	809
Putative RT: gi|377806260|gb|JQ680370.1|	gi|260587208|ref|ZP_05853121.1|	99.542	437	2	0	25562	24252	1	437	0.0	915
Putative RT: gi|377806292|gb|JQ680371.1|	gi|265750836|ref|ZP_06086899.1|	100.000	434	0	0	4796	6097	1	434	0.0	888
Putative RT: gi|377806297|gb|JQ680372.1|	gi|336410996|ref|ZP_08591465.1|	98.210	447	8	0	2383	3723	1	447	0.0	885
Putative RT: gi|377806301|gb|JQ680373.1|	gi|139439157|ref|ZP_01772609.1|	45.938	320	172	1	19864	18908	2	321	1.36e-84	278
Putative RT: gi|377806345|gb|JQ680374.1|	gi|332653877|ref|ZP_08419621.1|	84.975	406	61	0	4707	5924	1	406	0.0	697
Putative RT: gi|377806374|gb|JQ680375.1|	gi|227485876|ref|ZP_03916192.1|	50.720	347	149	3	23873	24850	9	354	3.59e-108	346
Putative RT: gi|377806399|gb|JQ680376.1|	gi|257440840|ref|ZP_05616595.1|	91.346	416	33	1	3730	2492	1	416	0.0	682
Putative RT: gi|377806422|gb|JQ680377.1|	gi|227485876|ref|ZP_03916192.1|	50.964	363	153	4	12924	11908	7	368	7.28e-117	371


Template:  gi|377805758|gb|JQ680349.1| strand: - 39449-39575
Variable:  gi|377805758|gb|JQ680349.1| strand: - 40220-40346 alnlen 126 mutations 21 involve-A 0 involve-T 18

39449      TATCGTTAAGTGCTGCAACCGCCCTCACCATGTTACTGTTGTACTTGTTGTTGTTGTTGAAGTTGCCATTACTAAAGTTCACGTTCCAGCTGTTGTTCTGACTGTTCTCACTGCTACTCCAGTACC
           :::  : :: :::::::::::::::::::: : :::::: : ::::: ::  ::::  :::::::::::::::::::  ::::  :::::::  ::::::::::  ::::::::::::::::::::
40220      TATACTAAAATGCTGCAACCGCCCTCACCACGGTACTGTAGCACTTGCTGAGGTTGCCGAAGTTGCCATTACTAAAGCCCACGAGCCAGCTGCCGTTCTGACTGCCCTCACTGCTACTCCAGTACC

Template:  gi|377805785|gb|JQ680350.1| strand: - 17450-17578
Variable:  gi|377805785|gb|JQ680350.1| strand: - 18094-18222 alnlen 128 mutations 15 involve-A 0 involve-T 15

17450      GTCACACACGCACCACACGCCAATGTTCGTGTTCACGTTCCACGGGTAATTGTTGCAATTGACGGCCCGTGAACCGCAATACACGCCGTTGTTCCAATTGCCGCCGCCAATGAGGGCGTGCAAGCCAG
           ::::::::::::::::::::::: :  ::::  :::: :::::::::::: :: ::::: ::::::::: ::::::::::::::::::: :  ::::: ::::::::::::::::::: :::::::::
18094      GTCACACACGCACCACACGCCAAAGCCCGTGCCCACGCTCCACGGGTAATCGTGGCAATAGACGGCCCGCGAACCGCAATACACGCCGTCGCCCCAATAGCCGCCGCCAATGAGGGCGCGCAAGCCAG

Template:  gi|377805826|gb|JQ680351.1| strand: + 22869-22981
Variable:  gi|377805826|gb|JQ680351.1| strand: + 22583-22695 alnlen 112 mutations 13 involve-A 13 involve-T 0

22869      CTCGTGTGGTGTATCGGTCGAACAACAACGCGAACGCGTTAGGCGGTGTTTCGTATGCGAACGCGAATAACGATTCATCGAACACGAATGCGAACATCGGTGTTCGGCTTGC
           ::::::::::::::::::::: :  : ::::::::::::: ::::::::::::: ::::: ::::: :: ::::::::::  ::::: ::::: ::::::::::::::::::
22583      CTCGTGTGGTGTATCGGTCGAGCCTCTACGCGAACGCGTTGGGCGGTGTTTCGTGTGCGAGCGCGAGTAGCGATTCATCGTTCACGAGTGCGAGCATCGGTGTTCGGCTTGC

Template:  gi|377805855|gb|JQ680352.1| strand: - 7998-8129
Variable:  gi|377805855|gb|JQ680352.1| strand: - 8653-8784 alnlen 131 mutations 11 involve-A 0 involve-T 11

7998       GCAGAAGCCGAAGGACACGCCATTAGAGTTGTTGGCGTTGTTATTGTTGGCGTTTCCCGAACTGTTCACATTGCAGAAATTGTTGGTGTTGCCGCTATTAGGCGAACGCTCCCACCAGTTGTTCGCAGAAC
           ::::::::::::::::::::::: :::::::: ::::::: ::: :::::::: ::::::::::::::::: :::::::: ::::::::::::::::: :::::::::::::::::::: :  ::::::::
8653       GCAGAAGCCGAAGGACACGCCATAAGAGTTGTCGGCGTTGGTATCGTTGGCGTCTCCCGAACTGTTCACATAGCAGAAATAGTTGGTGTTGCCGCTATAAGGCGAACGCTCCCACCAGTAGCCCGCAGAAC

Template:  gi|377805862|gb|JQ680353.1| strand: - 14041-14169
Variable:  gi|377805862|gb|JQ680353.1| strand: - 14674-14802 alnlen 128 mutations 13 involve-A 0 involve-T 13

14041      AGTCACAGACGCACCACACGCCAATGTTCGTGTTCACGTTCCACGGATAATTGTTGCAATTCACAGTCCGCGAACCATCGTGAACCCCGTTGTTCCAATTGCCACCGCCAATGAGCGCGTGCAAGCCA
           :::::::::::::::::::::::: :: ::::  ::::: ::::::::::  :::::::: ::::::::::::::::::::::::::::  :::::::  ::::::::::: ::::::::::::::::
14674      AGTCACAGACGCACCACACGCCAACGTCCGTGCCCACGTGCCACGGATAAGAGTTGCAATACACAGTCCGCGAACCATCGTGAACCCCGCCGTTCCAACGGCCACCGCCAAGGAGCGCGTGCAAGCCA

Template:  gi|377805877|gb|JQ680354.1| strand: - 46739-46867
Variable:  gi|377805877|gb|JQ680354.1| strand: - 47608-47736 alnlen 128 mutations 18 involve-A 0 involve-T 18

46739      GAAATCCGGGGCGACGCCATTGGAATTCCTTGCGTTGTTATTGTTCGCGTTGCCGTTCGTGTTCACATTGCAGAAGTTGTTGCTGTTGTTGTAATTAGGAGAACGCTCCCACCACCAAGCAGTGGAAC
           :::: ::::::::::::::  :::::::: ::::: : ::  :  :::: :::::::::::: :::::::::::::::: ::: :  :::: ::: ::::::::::::::::::::::::::::::::
47608      GAAAGCCGGGGCGACGCCAAAGGAATTCCCTGCGTAGCTACAGCCCGCGGTGCCGTTCGTGTGCACATTGCAGAAGTTGCTGCCGCCGTTGCAATAAGGAGAACGCTCCCACCACCAAGCAGTGGAAC

Template:  gi|377805936|gb|JQ680355.1| strand: - 3782-3876
Variable:  gi|377805936|gb|JQ680355.1| strand: - 1728-1822 alnlen 94 mutations 17 involve-A 0 involve-T 15

3782       CGGGGCGGAAACCGACGTTCGGGTTGGAGTTCGTAGCATTGTTGTTGTTCCAGTTGCGGGCCGAATTGTACCCGCGAACCGCACGGTTCGACGC
           :::::::::::::::::  ::::  : ::  ::::::: ::  :: :: ::::  ::::::::::: ::::::::::: ::::::: :::::::
1728       CGGGGCGGAAACCGACGAGCGGGCCGAAGCCCGTAGCACTGCCGTCGTCCCAGAGGCGGGCCGAATAGTACCCGCGAATCGCACGGCTCGACGC

Template:  gi|377805941|gb|JQ680356.1| strand: - 38849-38977
Variable:  gi|377805941|gb|JQ680356.1| strand: - 39482-39610 alnlen 128 mutations 10 involve-A 1 involve-T 9

38849      AGTCACAGACGCACCACACGCCAATGTTCGTGTTCACGTTCCACGGATAATTGTTGCAATTCACAGTCCGCGAGCCATCGTGAACCCCGTTGTTCCAGTTGCCACCGCCAATGAGCGCGTGCAAGCCA
           ::::::::::::::::: :::::: :: ::::  ::::::::::::::::  :::::::  ::::::::::::::::::::::::::::: :::::::::::::::::::::::::::::::::::::
39482      AGTCACAGACGCACCACGCGCCAAAGTACGTGCCCACGTTCCACGGATAAAAGTTGCAAGCCACAGTCCGCGAGCCATCGTGAACCCCGTCGTTCCAGTTGCCACCGCCAATGAGCGCGTGCAAGCCA

Template:  gi|377805967|gb|JQ680357.1| strand: - 3091-3249
Variable:  gi|377805967|gb|JQ680357.1| strand: - 3347-3505 alnlen 158 mutations 15 involve-A 0 involve-T 15

3091       ACCAGTTGCTCCGAGAGAGCCGTTCCAGTTAGCGTTAGACACCCCATTGTTCGAGTTACGGCAAGGAACGCCAGCATTACCACCGTTGTTCAAGTTACCAAAGCACCAAGCCGCACGAACACCAGACGCCGCAGGTTCGCAATTGAAGCCAGCTCCCA
           ::::: ::::::::::::::::: ::::  ::::: ::::::::::  :: ::::: :::::::::::::::::::: :::::::  :::::::  :::::::::::::::::::::::::::::::::::::::: :::::::::::::::::::::
3347       ACCAGGTGCTCCGAGAGAGCCGTACCAGCGAGCGTAAGACACCCCAAGGTCCGAGTAACGGCAAGGAACGCCAGCATCACCACCGCGGTTCAAGGAACCAAAGCACCAAGCCGCACGAACACCAGACGCCGCAGGTACGCAATTGAAGCCAGCTCCCA

Template:  gi|377806003|gb|JQ680358.1| strand: + 5598-5726
Variable:  gi|377806003|gb|JQ680358.1| strand: + 4971-5099 alnlen 128 mutations 11 involve-A 11 involve-T 0

5598       CTGGCTTGCACGCCCTCATTGGCGGCGGCAACTGGAACAACGGCGTGCATTGCGGCTCCCGGACGGTGAATTGCAACAATTACCCGTGGAACGTGAACACGAACATTGGCGTGTGGTGCGTGTGTGAC
           :::::::::::::::::::::::::::::  :::::::  :::::::: :::::::::::::::::::  ::::::: ::: ::::::::::::::::::: :: :::::::::::::::::::::::
4971       CTGGCTTGCACGCCCTCATTGGCGGCGGCGGCTGGAACGGCGGCGTGCGTTGCGGCTCCCGGACGGTGGGTTGCAACTATTGCCCGTGGAACGTGAACACGTACGTTGGCGTGTGGTGCGTGTGTGAC

Template:  gi|377806015|gb|JQ680359.1| strand: + 4435-4561
Variable:  gi|377806015|gb|JQ680359.1| strand: + 3664-3790 alnlen 126 mutations 20 involve-A 17 involve-T 0

4435       GGTACTGGAGTAGCAGTGAGAACAGTCAGAACAACAGCTGGAACGTGAACTTTAGTAATGGCAACTTCAACAACAACAACAAGTACAACAGTAACATGGTGAGGGCGGTTGCAGCACTTAACGATA
           ::::::::::::::::::::  :::::::  :: ::::::: :::::: ::::::::::::: ::::: :: :: ::  ::::: : ::::: ::::::::::::::::::::::: :: :  :::
3664       GGTACTGGAGTAGCAGTGAGTTCAGTCAGGGCAGCAGCTGGTACGTGAGCTTTAGTAATGGCTACTTCTACTACTACTTCAAGTGCTACAGTTACATGGTGAGGGCGGTTGCAGCATTTTAGTATA

Template:  gi|377806018|gb|JQ680360.1| strand: - 6463-6579
Variable:  gi|377806018|gb|JQ680360.1| strand: - 7082-7198 alnlen 116 mutations 16 involve-A 0 involve-T 16

6463       AGCGGAGCGGAAGCCGATGTTCCAGTTGGAATTGGAGCGAGGGTTGTTCAAGTTCGTGTAGAACAGACCCGCATTCGCACCGTTGTTCCAGTTGCCACCACGAATCGGGAAACGCT
           ::::::::::::::::: :  ::::: ::::  :::::::::::::  :::::::::: ::::::::::::::: :::::::  :  ::::  :::::::::::::::::::::::
7082       AGCGGAGCGGAAGCCGAGGGACCAGTAGGAAAGGGAGCGAGGGTTGAACAAGTTCGTGCAGAACAGACCCGCATGCGCACCGCCGGCCCAGCCGCCACCACGAATCGGGAAACGCT

Template:  gi|377806060|gb|JQ680361.1| strand: - 21692-21808
Variable:  gi|377806060|gb|JQ680361.1| strand: - 22034-22150 alnlen 116 mutations 14 involve-A 1 involve-T 12

21692      TTGATAAGATTGGCTCGCCACGATGTTCGTGTTCACGTTCGTCGCAGGGTTGTTCACATTCCAGTACGACAAACCGCACTTCGACCCGTTGCCACGGTTGCCACCGAACAGGGCAA
           :: : ::::  :::::::::::::::::::: :::::  :::::::::::::  ::::: ::::: ::::::::::::::::::::::: :::::::  :::::::::::::::::
22034      TTTACAAGAAAGGCTCGCCACGATGTTCGTGCTCACGGCCGTCGCAGGGTTGACCACATACCAGTCCGACAAACCGCACTTCGACCCGTCGCCACGGAGGCCACCGAACAGGGCAA

Template:  gi|377806090|gb|JQ680362.1| strand: - 4918-5040
Variable:  gi|377806090|gb|JQ680362.1| strand: - 5146-5268 alnlen 122 mutations 24 involve-A 0 involve-T 21

4918       TTTGTGCATTTACTAACTGACTGCTGATATTCCGATTACGATTAGAAGAAGCATTATTCAGATTCCAATAGAAAGCACTGGTATTCAAGCCATTATTCCAATTAGCACCTAATTTAGTGACA
           ::: :  ::  :: ::: ::: :: :::: :::::: ::::: :::::::::::::: ::::  :::::::::::::: :: ::::::::::: :: ::::  :::::: ::: ::: ::::
5146       TTTTTCGATACACCAACCGACCGCCGATAGTCCGATAACGATCAGAAGAAGCATTATACAGACCCCAATAGAAAGCACCGGCATTCAAGCCATAATCCCAACCAGCACCCAATCTAGCGACA

Template:  gi|377806097|gb|JQ680363.1| strand: - 4306-4416
Variable:  gi|377806097|gb|JQ680363.1| strand: - 4676-4786 alnlen 110 mutations 12 involve-A 0 involve-T 12

4306       CAGACGAGAACCGATGTTCGTGTTCGTATTCGAGGAATCGTTGTTCGCATTCGACATCGAAACACCGCCATTCGGGTTCGCGTTGTTGTTGCCACGATAGACCACACGGC
           ::::::::::::::::: ::::: ::::: ::::::::::: : ::::: :::::: :::::::::::::: :::: :::::: : ::::::::::: ::::::::::::
4676       CAGACGAGAACCGATGTGCGTGTACGTATACGAGGAATCGTGGCTCGCACTCGACACCGAAACACCGCCATACGGGCTCGCGTAGCTGTTGCCACGAAAGACCACACGGC

Template:  gi|377806107|gb|JQ680364.1| strand: + 11620-11742
Variable:  gi|377806107|gb|JQ680364.1| strand: + 11392-11514 alnlen 122 mutations 24 involve-A 20 involve-T 1

11620      TGTCACTAAATTAGGTGCTAATTGGAATAATGGCTTGAATACCAGTGCTTTCTATTGGAATCTGAATAATGCTTCTTCTAATCGTAATCGGAATATCAGCAGTCAGTTAGTAAATGCACAAA
           :::: ::: ::: :::::: :::::: ::::::::::::: :: ::::::::  ::::: :::: ::: :::::::::: ::::: :::::: :::: :: ::: ::: ::  ::  : :::
11392      TGTCGCTATATTGGGTGCTGATTGGAGTAATGGCTTGAATGCCGGTGCTTTCGCTTGGATTCTGTATAGTGCTTCTTCTCATCGTCATCGGAGTATCGGCGGTCGGTTGGTGTATCGAAAAA

Template:  gi|377806133|gb|JQ680365.1| strand: + 32685-32779
Variable:  gi|377806133|gb|JQ680365.1| strand: + 34710-34804 alnlen 94 mutations 8 involve-A 8 involve-T 0

32685      GCGTCGAACCGCGTGAACCGTGGGTACAACTCGGCCCGCAACTTCAATTGGAACTCGTCCGGCAATCGGAACGTGAACCTCGGTTTCCGCCCCG
           ::::::  ::::::: :::::::::::::::::::::::: :::::::::: ::::::::::: ::::: ::::: ::::::::::::::::::
34710      GCGTCGCGCCGCGTGCACCGTGGGTACAACTCGGCCCGCAGCTTCAATTGGTACTCGTCCGGCTATCGGTACGTGTACCTCGGTTTCCGCCCCG

Template:  gi|377806170|gb|JQ680366.1| strand: - 8818-8931
Variable:  gi|377806170|gb|JQ680366.1| strand: - 9472-9585 alnlen 113 mutations 10 involve-A 0 involve-T 10

8818       AGCGGAGCGGAAACCAATGTTGTCGTTCGAGTTGGAACGAGGGTTATTCAAGTTGAGAGCGGACGGACCCGAATTAGAAGTATTGTTGAACGCCGACCCACGGATAGGCAACC
           ::::::::::::::::: :: ::::::::::  :::::::::::::  ::::: :::::::::::::::::::: ::::::::::: ::::::::::::::::: ::::::::
9472       AGCGGAGCGGAAACCAACGTCGTCGTTCGAGCCGGAACGAGGGTTAAGCAAGTGGAGAGCGGACGGACCCGAATGAGAAGTATTGTGGAACGCCGACCCACGGAGAGGCAACC

Template:  gi|377806186|gb|JQ680367.1| strand: + 42437-42560
Variable:  gi|377806186|gb|JQ680367.1| strand: + 41651-41774 alnlen 123 mutations 11 involve-A 9 involve-T 1

42437      CTTCTAACTGGTGGCTGCGGTCGCCTGAGGCGTCGTCGTCTTCGTCTTTCGCCAATGTGAACAACAACGGTAACAGCAACAACAACAACGCGTCCAACTCCTACGGGGTGGCGTTCGGCTCCT
           ::::: :::::::::::::::::::::::::::::::: ::::::::::::::: ::::  ::::: ::::  ::::::::::  ::::::::::::::::::::::::::::::::::: ::
41651      CTTCTTACTGGTGGCTGCGGTCGCCTGAGGCGTCGTCGACTTCGTCTTTCGCCATTGTGTTCAACAGCGGTTCCAGCAACAACGGCAACGCGTCCAACTCCTACGGGGTGGCGTTCGGCTTCT

Template:  gi|377806226|gb|JQ680368.1| strand: - 27012-27138
Variable:  gi|377806226|gb|JQ680368.1| strand: - 24983-25109 alnlen 126 mutations 20 involve-A 1 involve-T 17

27012      ATCAGAGCGGGGCGAACACCATAGGAGTTGTTGTACCAGTTGTTGTTGTTGGAGCCATCGGTGTTGACGTTCCAGACGTTGTTGTTATTGTTGGTGTTCGGAGAGCGCAGCCACCAAATGGCAGCG
           :: : ::::::::::::::::::::::: :: : :::::: : ::  ::::: :::::::: :  ::::  :::::::: :::::::: :  ::::: ::::::::::::::::::::::::::::
24983      ATGAAAGCGGGGCGAACACCATAGGAGTAGTAGCACCAGTCGCTGAGGTTGGCGCCATCGGCGAAGACGCGCCAGACGTGGTTGTTATAGCCGGTGTACGGAGAGCGCAGCCACCAAATGGCAGCG

Template:  gi|377806251|gb|JQ680369.1| strand: + 3464-3579
Variable:  gi|377806251|gb|JQ680369.1| strand: + 3262-3377 alnlen 115 mutations 15 involve-A 14 involve-T 1

3464       TGGTGCCCTTTTGTCTGCTAATGCGAATAATGGTGCGAATGCGGGTTTCGGTTATCTGAATGCGAATAATCGTTCCTCGAATGCGAATGCGAACATTGGGTTCCGCTTTTACCGT
           ::::::::::::::::::: :::::: ::::::::::  :::::::::::::: ::::  :::: ::  :::::::::::::::: ::::: :: ::::::::::::: : ::::
3262       TGGTGCCCTTTTGTCTGCTCATGCGAGTAATGGTGCGGGTGCGGGTTTCGGTTCTCTGGGTGCGTATGTTCGTTCCTCGAATGCGTATGCGTACCTTGGGTTCCGCTTGTGCCGT

Template:  gi|377806260|gb|JQ680370.1| strand: - 25676-25791
Variable:  gi|377806260|gb|JQ680370.1| strand: - 26259-26374 alnlen 115 mutations 11 involve-A 1 involve-T 10

25676      AGCGGCACGGAAGCCGATGTACGTGTTCACATTGCCGCGGGAGTTGTTGCCGTTGAGGGAGAACACACCAGCGTTCGCACCGTTGTTCCAGTTGCCCCCGCGATACACGCAGCGC
           ::::::::::: :::::::::::::  ::::  :::::::::::::  :::: ::::::::::::::::::::::::::::::::: ::::: :::::::::: :::::::::::
26259      AGCGGCACGGACGCCGATGTACGTGCCCACAAGGCCGCGGGAGTTGAGGCCGCTGAGGGAGAACACACCAGCGTTCGCACCGTTGTACCAGTCGCCCCCGCGAAACACGCAGCGC

Template:  gi|377806292|gb|JQ680371.1| strand: + 4471-4581
Variable:  gi|377806292|gb|JQ680371.1| strand: + 4101-4211 alnlen 110 mutations 11 involve-A 11 involve-T 0

4471       GCCGTGTGGTCTATCGTGGCAACAACAACGCGAACCCGAATGGCGGTGTTTCGATGTCGAATGCGAACAACGATTCCTCGAATACGAACACGAACATCGGTTCTCGTCTG
           ::::::::::::::::::::: ::::  ::::: :::: :::::::::::::::::::: ::::::::: :::::::::: :: ::: ::::: ::::::::::::::::
4101       GCCGTGTGGTCTATCGTGGCAGCAACTCCGCGATCCCGCATGGCGGTGTTTCGATGTCGCATGCGAACAGCGATTCCTCGTATGCGAGCACGAGCATCGGTTCTCGTCTG

Template:  gi|377806297|gb|JQ680372.1| strand: + 2108-2229
Variable:  gi|377806297|gb|JQ680372.1| strand: + 1742-1863 alnlen 121 mutations 16 involve-A 16 involve-T 0

2108       GTCTTCGTGTCCGCCTCTCCGGTGCTAACGCTAACAATGGCACGAATGCAGGGGCGTTTGCTACGAATACGAACAATGCAGCCTCGAATTCGAATGCGAATGTGTCCGCTCCCCTATACTT
           ::::::::::::::::::::::::::  :::::::  ::::::: :::: :::::::::::::::::: :::::  ::: :::::: :::::  :::: :::::::::::::::: : :::
1742       GTCTTCGTGTCCGCCTCTCCGGTGCTCGCGCTAACGTTGGCACGGATGCGGGGGCGTTTGCTACGAATTCGAACGGTGCGGCCTCGTATTCGTTTGCGTATGTGTCCGCTCCCCTCTGCTT

Template:  gi|377806301|gb|JQ680373.1| strand: - 20252-20385
Variable:  gi|377806301|gb|JQ680373.1| strand: - 20912-21045 alnlen 133 mutations 21 involve-A 0 involve-T 21

20252      GCAGAATCCGAAGGCCACGCCATTCGCATTGCTCGCGTTGTTGTAGTTGGCGTTGCCGTTGCTGTTGACATTGCAGAAATTCGTGGAGTTGCTGCCATTCGGAGAGCGCTCCCACCAGTTGTTCGCGCTGCCG
           :::::: :::::::::::::::: ::::  :::::::: :::: ::  ::::  ::::  :::::::::::::::::::  :: ::::  ::::::: ::::::::::: :::::::: ::: ::::::::::
20912      GCAGAAGCCGAAGGCCACGCCATACGCAAAGCTCGCGTAGTTGAAGGCGGCGGAGCCGCCGCTGTTGACATTGCAGAAAAGCGCGGAGCCGCTGCCACTCGGAGAGCGCCCCCACCAGATGTACGCGCTGCCG

Template:  gi|377806345|gb|JQ680374.1| strand: + 4420-4515
Variable:  gi|377806345|gb|JQ680374.1| strand: + 6492-6587 alnlen 95 mutations 12 involve-A 12 involve-T 0

4420       TGCCGGCTCGGCCAACAACGCCCGCAACGTCAACTCTGACGGCACGCTGAACAGGAACAACGCCTACAACGGCAACAACGGCCTGCGCCCCGCTT
           :::::::::::::: :: ::::::: :::::: :::::::::: :::::: : :::::: ::::::: ::::: ::  :::::::::::::::::
6492       TGCCGGCTCGGCCAGCAGCGCCCGCTACGTCATCTCTGACGGCGCGCTGAGCTGGAACAGCGCCTACGACGGCGACGGCGGCCTGCGCCCCGCTT

Template:  gi|377806422|gb|JQ680377.1| strand: - 13134-13239
Variable:  gi|377806422|gb|JQ680377.1| strand: - 11148-11253 alnlen 105 mutations 14 involve-A 0 involve-T 14

13134      CAAATCCGGCCGAACGCCATTGTTGCCATTGTACGCGTTGTTGTTGTTCAGACTGCCGTCCGTGTTGACATTGCGCGCATTGTACGCGTTGCCGGCGTACGGGGT
           :::: :::::::::::::: ::::::::  :::::::  :  ::::: ::::::::::::::::: ::::: :::::::  :::::::: :::::::::::::::
11148      CAAAGCCGGCCGAACGCCAATGTTGCCAAGGTACGCGCGGCCGTTGTCCAGACTGCCGTCCGTGTAGACATAGCGCGCAAGGTACGCGTAGCCGGCGTACGGGGT

Total tr-vr pair: 27
