Input-seq: /export/home/fzyan/dGR/data/virome/GCA_900163725.1_Marine_Virome_Contigs_genomic.fna
Putative RT: FUIF01004468.1	gi|313147618|ref|ZP_07809811.1|	48.048	333	171	2	287	1282	1	332	3.87e-97	309
Putative RT: FUIF01004588.1	gi|167754333|ref|ZP_02426460.1|	47.440	293	145	3	3135	3992	40	330	5.15e-80	263
Putative RT: FUIF01015175.1	gi|41179367|ref|NP_958675.1|	52.836	335	137	4	26335	25364	1	325	1.74e-115	365
Putative RT: FUIF01016235.1	gi|41179367|ref|NP_958675.1|	57.538	325	138	0	3491	2517	1	325	8.47e-130	401


Template:  FUIF01004588.1 strand: + 2937-3086
Variable:  FUIF01004588.1 strand: + 2712-2861 alnlen 149 mutations 26 involve-A 22 involve-T 0

2937       TGGTGAGTGCAACAAAACCTCCAGTGCCCAGGTCGTGAAATTCGGCGGAAATCTGAATAATGAGCGCAAAGCGGGTCCCGGTTATTGGAATGCGAATAAATCGGCGTCGGAAACGAATTGGAATATCGGTTCTCAGTCCACGATCATAG
           :: : : : : :: :  ::::: :::::: :::::::   :::::::::: ::::::: ::::::::   ::::::::::::::::::::::::: ::: ::::::::::  ::: ::::: :::::::::::: :::: :::::::::
2712       TGATTACTTCTACCAGGCCTCCGGTGCCCGGGTCGTGGGCTTCGGCGGAACTCTGAATTATGAGCGCGCGGCGGGTCCCGGTTATTGGAATGCGAGTAACTCGGCGTCGGGCACGTATTGGTATATCGGTTCTCGGTCCGCGATCATAG

Template:  FUIF01015175.1 strand: - 26492-26609
Variable:  FUIF01015175.1 strand: - 27039-27156 alnlen 117 mutations 14 involve-A 1 involve-T 12

26492      CACAAACGCCACGCGACCCAATGTTGTTGTTCGAGTTAGAGGCTGTATTGTTCCAATTCGAGCAACGTGATCCTGCATTAGAACCATTGTTCCAGTTGCCGCCAAATAGAGCCGCGT
           :::::::::::::::: ::::::: :::: :::::::::::::::: :::  ::::  ::::::::::::::: ::::::::::::: :  ::::  ::::::::::::::::::::
27039      CACAAACGCCACGCGAACCAATGTAGTTGCTCGAGTTAGAGGCTGTCTTGGCCCAACCCGAGCAACGTGATCCCGCATTAGAACCATCGAACCAGGCGCCGCCAAATAGAGCCGCGT

Template:  FUIF01016235.1 strand: - 3648-3766
Variable:  FUIF01016235.1 strand: - 4192-4310 alnlen 118 mutations 13 involve-A 0 involve-T 10

3648       CACAAACGCCGCGCGAGCCAATGTTGTTGTTCGAGTTAGAAGCTGAGTTGTTCCAGTTCGAACAACGTGACCCC-GTATTGGAACCATTGTTCC-AGTTGCCACCAAGTAGCACCGCG
           :::::::::::::::::::::::::::::: :::: ::::::::::: :: ::::: ::::::::::::::::: : : :::::::::::  :: ::: ::::::::::: :::::::
4192       CACAAACGCCGCGCGAGCCAATGTTGTTGTACGAGCTAGAAGCTGAGCTGCTCCAGCTCGAACAACGTGACCCCCGCACTGGAACCATTGCCCCCAGTAGCCACCAAGTACCACCGCG

Total tr-vr pair: 3
