Input-seq: virus.fa
Putative RT: gi|27311175|ref|NC_004456.1|	gi|27311204|ref|NP_758929.1|	100.000	303	0	0	29054	29962	1	303	0.0	629
Putative RT: gi|41179361|ref|NC_005357.1|	gi|41179367|ref|NP_958675.1|	100.000	327	0	0	2742	1762	1	327	0.0	648
Putative RT: gi|937456071|ref|NC_027981.1|	gi|291621968|emb|CAX65001.1|	100.000	425	0	0	13317	14591	1	425	0.0	785


Template:  gi|27311175|ref|NC_004456.1| strand: + 28835-28951
Variable:  gi|27311175|ref|NC_004456.1| strand: + 28260-28376 alnlen 116 mutations 7 involve-A 7 involve-T 0

28835      ACCGATTCCCGCTTCGCGGGGGCAACTGGAACAATGGCTCGAACGCCGGGCTGGGCGCGCTCAATCTGAACAATGCGCGGTCGAACTCGAACAGTAACATCGGTTTTCGCCCCGCT
           :::: :::::::::::::::::: :::::::::::::::::: ::::::::::::::::::: :::::: : :::::::::::::::::::::::: :::::::::::::::::::
28260      ACCGGTTCCCGCTTCGCGGGGGCTACTGGAACAATGGCTCGAGCGCCGGGCTGGGCGCGCTCTATCTGAGCTATGCGCGGTCGAACTCGAACAGTAGCATCGGTTTTCGCCCCGCT

Template:  gi|41179361|ref|NC_005357.1| strand: - 2887-3021
Variable:  gi|41179361|ref|NC_005357.1| strand: - 3443-3577 alnlen 134 mutations 22 involve-A 1 involve-T 18

2887       CAAGAAGGTGATGGGCACAGACGCCGCGCGCCCCGATGTTCGCGTTCGAGTTCGACGGCCCGTTGTTCCAGTTCGCAGCGCGAGAACCCGAGTTCGACGTGTTGTTCCAGTTGCCGCCGAATAGCGCAGCAGCG
           ::::::   : ::: ::::::::::::::::::::: :  ::::  ::::  :::::::::: ::: ::::  :::::::::::::::::::  :::::::  :::::::  ::::::::::::::::::::::
3443       CAAGAATCAGGTGGTCACAGACGCCGCGCGCCCCGAAGAACGCGAACGAGAACGACGGCCCGCTGTACCAGAGCGCAGCGCGAGAACCCGAGAGCGACGTGCCGTTCCAGGCGCCGCCGAATAGCGCAGCAGCG

Template:  gi|937456071|ref|NC_027981.1| strand: + 13330-13446
Variable:  gi|937456071|ref|NC_027981.1| strand: + 12776-12892 alnlen 116 mutations 12 involve-A 12 involve-T 0

13330      ACCGATTCCCGCTTCGCGGGGGCAACTGGAACAATGGCTCGAACGCCGGGCTGGGCGCGCTCAATCTGAACAATGCGCGGTCGAACTCGAACAGTAACATCGGTTTTCGCCCCGCT
           :::::::::::::::::::::::::::::  :  :::::::  ::::::::::::::::::: :::::  : :::::::::::::::::  :::::::::::::::::::::::::
12776      ACCGATTCCCGCTTCGCGGGGGCAACTGGGGCGCTGGCTCGGGCGCCGGGCTGGGCGCGCTCTATCTGGGCTATGCGCGGTCGAACTCGGTCAGTAACATCGGTTTTCGCCCCGCT

Total tr-vr pair: 3
